Archive member included to satisfy reference by file (symbol)

C:/ST/STM32CubeIDE_1.16.1/STM32CubeIDE/plugins/com.st.stm32cube.ide.mcu.externaltools.gnu-tools-for-stm32.12.3.rel1.win32_1.1.0.202410251130/tools/bin/../lib/gcc/arm-none-eabi/12.3.1/../../../../arm-none-eabi/lib/thumb/v7-m/nofp\libc_nano.a(libc_a-exit.o)
                              C:/ST/STM32CubeIDE_1.16.1/STM32CubeIDE/plugins/com.st.stm32cube.ide.mcu.externaltools.gnu-tools-for-stm32.12.3.rel1.win32_1.1.0.202410251130/tools/bin/../lib/gcc/arm-none-eabi/12.3.1/../../../../arm-none-eabi/lib/thumb/v7-m/nofp/crt0.o (exit)
C:/ST/STM32CubeIDE_1.16.1/STM32CubeIDE/plugins/com.st.stm32cube.ide.mcu.externaltools.gnu-tools-for-stm32.12.3.rel1.win32_1.1.0.202410251130/tools/bin/../lib/gcc/arm-none-eabi/12.3.1/../../../../arm-none-eabi/lib/thumb/v7-m/nofp\libc_nano.a(libc_a-findfp.o)
                              C:/ST/STM32CubeIDE_1.16.1/STM32CubeIDE/plugins/com.st.stm32cube.ide.mcu.externaltools.gnu-tools-for-stm32.12.3.rel1.win32_1.1.0.202410251130/tools/bin/../lib/gcc/arm-none-eabi/12.3.1/../../../../arm-none-eabi/lib/thumb/v7-m/nofp\libc_nano.a(libc_a-exit.o) (__stdio_exit_handler)
C:/ST/STM32CubeIDE_1.16.1/STM32CubeIDE/plugins/com.st.stm32cube.ide.mcu.externaltools.gnu-tools-for-stm32.12.3.rel1.win32_1.1.0.202410251130/tools/bin/../lib/gcc/arm-none-eabi/12.3.1/../../../../arm-none-eabi/lib/thumb/v7-m/nofp\libc_nano.a(libc_a-fwalk.o)
                              C:/ST/STM32CubeIDE_1.16.1/STM32CubeIDE/plugins/com.st.stm32cube.ide.mcu.externaltools.gnu-tools-for-stm32.12.3.rel1.win32_1.1.0.202410251130/tools/bin/../lib/gcc/arm-none-eabi/12.3.1/../../../../arm-none-eabi/lib/thumb/v7-m/nofp\libc_nano.a(libc_a-findfp.o) (_fwalk_sglue)
C:/ST/STM32CubeIDE_1.16.1/STM32CubeIDE/plugins/com.st.stm32cube.ide.mcu.externaltools.gnu-tools-for-stm32.12.3.rel1.win32_1.1.0.202410251130/tools/bin/../lib/gcc/arm-none-eabi/12.3.1/../../../../arm-none-eabi/lib/thumb/v7-m/nofp\libc_nano.a(libc_a-sprintf.o)
                              ./Core/Src/main.o (sprintf)
C:/ST/STM32CubeIDE_1.16.1/STM32CubeIDE/plugins/com.st.stm32cube.ide.mcu.externaltools.gnu-tools-for-stm32.12.3.rel1.win32_1.1.0.202410251130/tools/bin/../lib/gcc/arm-none-eabi/12.3.1/../../../../arm-none-eabi/lib/thumb/v7-m/nofp\libc_nano.a(libc_a-stdio.o)
                              C:/ST/STM32CubeIDE_1.16.1/STM32CubeIDE/plugins/com.st.stm32cube.ide.mcu.externaltools.gnu-tools-for-stm32.12.3.rel1.win32_1.1.0.202410251130/tools/bin/../lib/gcc/arm-none-eabi/12.3.1/../../../../arm-none-eabi/lib/thumb/v7-m/nofp\libc_nano.a(libc_a-findfp.o) (__sread)
C:/ST/STM32CubeIDE_1.16.1/STM32CubeIDE/plugins/com.st.stm32cube.ide.mcu.externaltools.gnu-tools-for-stm32.12.3.rel1.win32_1.1.0.202410251130/tools/bin/../lib/gcc/arm-none-eabi/12.3.1/../../../../arm-none-eabi/lib/thumb/v7-m/nofp\libc_nano.a(libc_a-memset.o)
                              C:/ST/STM32CubeIDE_1.16.1/STM32CubeIDE/plugins/com.st.stm32cube.ide.mcu.externaltools.gnu-tools-for-stm32.12.3.rel1.win32_1.1.0.202410251130/tools/bin/../lib/gcc/arm-none-eabi/12.3.1/../../../../arm-none-eabi/lib/thumb/v7-m/nofp/crt0.o (memset)
C:/ST/STM32CubeIDE_1.16.1/STM32CubeIDE/plugins/com.st.stm32cube.ide.mcu.externaltools.gnu-tools-for-stm32.12.3.rel1.win32_1.1.0.202410251130/tools/bin/../lib/gcc/arm-none-eabi/12.3.1/../../../../arm-none-eabi/lib/thumb/v7-m/nofp\libc_nano.a(libc_a-closer.o)
                              C:/ST/STM32CubeIDE_1.16.1/STM32CubeIDE/plugins/com.st.stm32cube.ide.mcu.externaltools.gnu-tools-for-stm32.12.3.rel1.win32_1.1.0.202410251130/tools/bin/../lib/gcc/arm-none-eabi/12.3.1/../../../../arm-none-eabi/lib/thumb/v7-m/nofp\libc_nano.a(libc_a-stdio.o) (_close_r)
C:/ST/STM32CubeIDE_1.16.1/STM32CubeIDE/plugins/com.st.stm32cube.ide.mcu.externaltools.gnu-tools-for-stm32.12.3.rel1.win32_1.1.0.202410251130/tools/bin/../lib/gcc/arm-none-eabi/12.3.1/../../../../arm-none-eabi/lib/thumb/v7-m/nofp\libc_nano.a(libc_a-reent.o)
                              C:/ST/STM32CubeIDE_1.16.1/STM32CubeIDE/plugins/com.st.stm32cube.ide.mcu.externaltools.gnu-tools-for-stm32.12.3.rel1.win32_1.1.0.202410251130/tools/bin/../lib/gcc/arm-none-eabi/12.3.1/../../../../arm-none-eabi/lib/thumb/v7-m/nofp\libc_nano.a(libc_a-closer.o) (errno)
C:/ST/STM32CubeIDE_1.16.1/STM32CubeIDE/plugins/com.st.stm32cube.ide.mcu.externaltools.gnu-tools-for-stm32.12.3.rel1.win32_1.1.0.202410251130/tools/bin/../lib/gcc/arm-none-eabi/12.3.1/../../../../arm-none-eabi/lib/thumb/v7-m/nofp\libc_nano.a(libc_a-impure.o)
                              C:/ST/STM32CubeIDE_1.16.1/STM32CubeIDE/plugins/com.st.stm32cube.ide.mcu.externaltools.gnu-tools-for-stm32.12.3.rel1.win32_1.1.0.202410251130/tools/bin/../lib/gcc/arm-none-eabi/12.3.1/../../../../arm-none-eabi/lib/thumb/v7-m/nofp\libc_nano.a(libc_a-sprintf.o) (_impure_ptr)
[...]
Memory Configuration

Name             Origin             Length             Attributes
RAM              0x20000000         0x00005000         xrw
FLASH            0x08000000         0x00010000         xr
*default*        0x00000000         0xffffffff

Linker script and memory map

LOAD C:/ST/STM32CubeIDE_1.16.1/STM32CubeIDE/plugins/com.st.stm32cube.ide.mcu.externaltools.gnu-tools-for-stm32.12.3.rel1.win32_1.1.0.202410251130/tools/bin/../lib/gcc/arm-none-eabi/12.3.1/thumb/v7-m/nofp/crti.o
LOAD C:/ST/STM32CubeIDE_1.16.1/STM32CubeIDE/plugins/com.st.stm32cube.ide.mcu.externaltools.gnu-tools-for-stm32.12.3.rel1.win32_1.1.0.202410251130/tools/bin/../lib/gcc/arm-none-eabi/12.3.1/thumb/v7-m/nofp/crtbegin.o
LOAD C:/ST/STM32CubeIDE_1.16.1/STM32CubeIDE/plugins/com.st.stm32cube.ide.mcu.externaltools.gnu-tools-for-stm32.12.3.rel1.win32_1.1.0.202410251130/tools/bin/../lib/gcc/arm-none-eabi/12.3.1/../../../../arm-none-eabi/lib/thumb/v7-m/nofp/crt0.o
LOAD ./Core/Src/VL53L1X.o
LOAD ./Core/Src/VL53L1X_api.o
LOAD ./Core/Src/VL53L1X_calibration.o
LOAD ./Core/Src/gpio.o
LOAD ./Core/Src/i2c.o
LOAD ./Core/Src/main.o
LOAD ./Core/Src/stm32f1xx_hal_msp.o
LOAD ./Core/Src/stm32f1xx_it.o
LOAD ./Core/Src/syscalls.o
LOAD ./Core/Src/sysmem.o
LOAD ./Core/Src/system_stm32f1xx.o
LOAD ./Core/Src/usart.o
LOAD ./Core/Src/vl53l1_platform.o
LOAD ./Core/Startup/startup_stm32f103c8tx.o
LOAD ./Drivers/STM32F1xx_HAL_Driver/Src/stm32f1xx_hal.o
LOAD ./Drivers/STM32F1xx_HAL_Driver/Src/stm32f1xx_hal_can.o
LOAD ./Drivers/STM32F1xx_HAL_Driver/Src/stm32f1xx_hal_cortex.o
LOAD ./Drivers/STM32F1xx_HAL_Driver/Src/stm32f1xx_hal_dma.o
LOAD ./Drivers/STM32F1xx_HAL_Driver/Src/stm32f1xx_hal_exti.o
LOAD ./Drivers/STM32F1xx_HAL_Driver/Src/stm32f1xx_hal_flash.o
LOAD ./Drivers/STM32F1xx_HAL_Driver/Src/stm32f1xx_hal_flash_ex.o
LOAD ./Drivers/STM32F1xx_HAL_Driver/Src/stm32f1xx_hal_gpio.o
LOAD ./Drivers/STM32F1xx_HAL_Driver/Src/stm32f1xx_hal_gpio_ex.o
LOAD ./Drivers/STM32F1xx_HAL_Driver/Src/stm32f1xx_hal_i2c.o
LOAD ./Drivers/STM32F1xx_HAL_Driver/Src/stm32f1xx_hal_pwr.o
LOAD ./Drivers/STM32F1xx_HAL_Driver/Src/stm32f1xx_hal_rcc.o
LOAD ./Drivers/STM32F1xx_HAL_Driver/Src/stm32f1xx_hal_rcc_ex.o
LOAD ./Drivers/STM32F1xx_HAL_Driver/Src/stm32f1xx_hal_uart.o
START GROUP
LOAD C:/ST/STM32CubeIDE_1.16.1/STM32CubeIDE/plugins/com.st.stm32cube.ide.mcu.externaltools.gnu-tools-for-stm32.12.3.rel1.win32_1.1.0.202410251130/tools/bin/../lib/gcc/arm-none-eabi/12.3.1/../../../../arm-none-eabi/lib/thumb/v7-m/nofp\libc_nano.a
LOAD C:/ST/STM32CubeIDE_1.16.1/STM32CubeIDE/plugins/com.st.stm32cube.ide.mcu.externaltools.gnu-tools-for-stm32.12.3.rel1.win32_1.1.0.202410251130/tools/bin/../lib/gcc/arm-none-eabi/12.3.1/../../../../arm-none-eabi/lib/thumb/v7-m/nofp\libm.a
END GROUP
START GROUP
LOAD C:/ST/STM32CubeIDE_1.16.1/STM32CubeIDE/plugins/com.st.stm32cube.ide.mcu.externaltools.gnu-tools-for-stm32.12.3.rel1.win32_1.1.0.202410251130/tools/bin/../lib/gcc/arm-none-eabi/12.3.1/thumb/v7-m/nofp\libgcc.a
LOAD C:/ST/STM32CubeIDE_1.16.1/STM32CubeIDE/plugins/com.st.stm32cube.ide.mcu.externaltools.gnu-tools-for-stm32.12.3.rel1.win32_1.1.0.202410251130/tools/bin/../lib/gcc/arm-none-eabi/12.3.1/../../../../arm-none-eabi/lib/thumb/v7-m/nofp\libc_nano.a
END GROUP
START GROUP
LOAD C:/ST/STM32CubeIDE_1.16.1/STM32CubeIDE/plugins/com.st.stm32cube.ide.mcu.externaltools.gnu-tools-for-stm32.12.3.rel1.win32_1.1.0.202410251130/tools/bin/../lib/gcc/arm-none-eabi/12.3.1/thumb/v7-m/nofp\libgcc.a
LOAD C:/ST/STM32CubeIDE_1.16.1/STM32CubeIDE/plugins/com.st.stm32cube.ide.mcu.externaltools.gnu-tools-for-stm32.12.3.rel1.win32_1.1.0.202410251130/tools/bin/../lib/gcc/arm-none-eabi/12.3.1/../../../../arm-none-eabi/lib/thumb/v7-m/nofp\libc_nano.a
LOAD C:/ST/STM32CubeIDE_1.16.1/STM32CubeIDE/plugins/com.st.stm32cube.ide.mcu.externaltools.gnu-tools-for-stm32.12.3.rel1.win32_1.1.0.202410251130/tools/bin/../lib/gcc/arm-none-eabi/12.3.1/../../../../arm-none-eabi/lib/thumb/v7-m/nofp\libnosys.a
END GROUP
START GROUP
LOAD C:/ST/STM32CubeIDE_1.16.1/STM32CubeIDE/plugins/com.st.stm32cube.ide.mcu.externaltools.gnu-tools-for-stm32.12.3.rel1.win32_1.1.0.202410251130/tools/bin/../lib/gcc/arm-none-eabi/12.3.1/thumb/v7-m/nofp\libgcc.a
LOAD C:/ST/STM32CubeIDE_1.16.1/STM32CubeIDE/plugins/com.st.stm32cube.ide.mcu.externaltools.gnu-tools-for-stm32.12.3.rel1.win32_1.1.0.202410251130/tools/bin/../lib/gcc/arm-none-eabi/12.3.1/../../../../arm-none-eabi/lib/thumb/v7-m/nofp\libc_nano.a
LOAD C:/ST/STM32CubeIDE_1.16.1/STM32CubeIDE/plugins/com.st.stm32cube.ide.mcu.externaltools.gnu-tools-for-stm32.12.3.rel1.win32_1.1.0.202410251130/tools/bin/../lib/gcc/arm-none-eabi/12.3.1/../../../../arm-none-eabi/lib/thumb/v7-m/nofp\libnosys.a
END GROUP
LOAD C:/ST/STM32CubeIDE_1.16.1/STM32CubeIDE/plugins/com.st.stm32cube.ide.mcu.externaltools.gnu-tools-for-stm32.12.3.rel1.win32_1.1.0.202410251130/tools/bin/../lib/gcc/arm-none-eabi/12.3.1/thumb/v7-m/nofp/crtend.o
LOAD C:/ST/STM32CubeIDE_1.16.1/STM32CubeIDE/plugins/com.st.stm32cube.ide.mcu.externaltools.gnu-tools-for-stm32.12.3.rel1.win32_1.1.0.202410251130/tools/bin/../lib/gcc/arm-none-eabi/12.3.1/thumb/v7-m/nofp/crtn.o
                0x20005000                        _estack = (ORIGIN (RAM) + LENGTH (RAM))
                0x00000200                        _Min_Heap_Size = 0x200
                0x00000400                        _Min_Stack_Size = 0x400

.isr_vector     0x08000000      0x10c
                0x08000000                        . = ALIGN (0x4)
 *(.isr_vector)
 .isr_vector    0x08000000      0x10c ./Core/Startup/startup_stm32f103c8tx.o
                0x08000000                g_pfnVectors
                0x0800010c                        . = ALIGN (0x4)

.text           0x0800010c     0x4060
                0x0800010c                        . = ALIGN (0x4)
 *(.text)
 .text          0x0800010c       0x40 C:/ST/STM32CubeIDE_1.16.1/STM32CubeIDE/plugins/com.st.stm32cube.ide.mcu.externaltools.gnu-tools-for-stm32.12.3.rel1.win32_1.1.0.202410251130/tools/bin/../lib/gcc/arm-none-eabi/12.3.1/thumb/v7-m/nofp/crtbegin.o
 .text          0x0800014c       0x10 C:/ST/STM32CubeIDE_1.16.1/STM32CubeIDE/plugins/com.st.stm32cube.ide.mcu.externaltools.gnu-tools-for-stm32.12.3.rel1.win32_1.1.0.202410251130/tools/bin/../lib/gcc/arm-none-eabi/12.3.1/../../../../arm-none-eabi/lib/thumb/v7-m/nofp\libc_nano.a(libc_a-strlen.o)
                0x0800014c                strlen
 *(.text*)
 .text.TOF_InitStruct
                0x0800015c       0xa4 ./Core/Src/VL53L1X.o
                0x0800015c                TOF_InitStruct
 .text.TOF_TurnOn
                0x08000200       0x20 ./Core/Src/VL53L1X.o
                0x08000200                TOF_TurnOn
 .text.TOF_TurnOff
                0x08000220       0x20 ./Core/Src/VL53L1X.o
                0x08000220                TOF_TurnOff
 .text.TOF_BootMultipleSensors
                0x08000240       0x6a ./Core/Src/VL53L1X.o
                0x08000240                TOF_BootMultipleSensors
 *fill*         0x080002aa        0x2 
 .text.TOF_BootSensor
                0x080002ac      0x11c ./Core/Src/VL53L1X.o
                0x080002ac                TOF_BootSensor
 .text.TOF_GetDistance
                0x080003c8       0x54 ./Core/Src/VL53L1X.o
                0x080003c8                TOF_GetDistance
 .text.VL53L1X_SetI2CAddress
                0x0800041c       0x36 ./Core/Src/VL53L1X_api.o
                0x0800041c                VL53L1X_SetI2CAddress
 *fill*         0x08000452        0x2 
 .text.VL53L1X_SensorInit
                0x08000454       0xd8 ./Core/Src/VL53L1X_api.o
                0x08000454                VL53L1X_SensorInit
 .text.VL53L1X_ClearInterrupt
                0x0800052c       0x30 ./Core/Src/VL53L1X_api.o
                0x0800052c                VL53L1X_ClearInterrupt
 .text.VL53L1X_GetInterruptPolarity
                0x0800055c       0x54 ./Core/Src/VL53L1X_api.o
                0x0800055c                VL53L1X_GetInterruptPolarity
 .text.VL53L1X_StartRanging
                0x080005b0       0x30 ./Core/Src/VL53L1X_api.o
                0x080005b0                VL53L1X_StartRanging
 .text.VL53L1X_StopRanging
                0x080005e0       0x30 ./Core/Src/VL53L1X_api.o
                0x080005e0                VL53L1X_StopRanging
 .text.VL53L1X_CheckForDataReady
                0x08000610       0x6e ./Core/Src/VL53L1X_api.o
                0x08000610                VL53L1X_CheckForDataReady
 .text.VL53L1X_GetSensorId
                0x0800067e       0x40 ./Core/Src/VL53L1X_api.o
                0x0800067e                VL53L1X_GetSensorId
 .text.VL53L1X_GetDistance
                0x080006be       0x3a ./Core/Src/VL53L1X_api.o
                0x080006be                VL53L1X_GetDistance
 .text.MX_GPIO_Init
                0x080006f8       0xdc ./Core/Src/gpio.o
                0x080006f8                MX_GPIO_Init
 .text.MX_I2C1_Init
                0x080007d4       0x5c ./Core/Src/i2c.o
                0x080007d4                MX_I2C1_Init
 .text.HAL_I2C_MspInit
                0x08000830       0x7c ./Core/Src/i2c.o
                0x08000830                HAL_I2C_MspInit
 .text.main     0x080008ac      0x1d0 ./Core/Src/main.o
                0x080008ac                main
 .text.SystemClock_Config
                0x08000a7c       0x8a ./Core/Src/main.o
                0x08000a7c                SystemClock_Config
 *fill*         0x08000b06        0x2 
 .text.MX_CAN_Init
                0x08000b08       0x6c ./Core/Src/main.o
 .text.encodeDistance
                0x08000b74       0x48 ./Core/Src/main.o
                0x08000b74                encodeDistance
 .text.Error_Handler
                0x08000bbc        0xc ./Core/Src/main.o
                0x08000bbc                Error_Handler
 .text.HAL_MspInit
                0x08000bc8       0x64 ./Core/Src/stm32f1xx_hal_msp.o
                0x08000bc8                HAL_MspInit
 .text.HAL_CAN_MspInit
                0x08000c2c       0x98 ./Core/Src/stm32f1xx_hal_msp.o
                0x08000c2c                HAL_CAN_MspInit
 .text.NMI_Handler
                0x08000cc4        0x8 ./Core/Src/stm32f1xx_it.o
                0x08000cc4                NMI_Handler
 .text.HardFault_Handler
                0x08000ccc        0x8 ./Core/Src/stm32f1xx_it.o
                0x08000ccc                HardFault_Handler
 .text.MemManage_Handler
                0x08000cd4        0x8 ./Core/Src/stm32f1xx_it.o
                0x08000cd4                MemManage_Handler
 .text.BusFault_Handler
                0x08000cdc        0x8 ./Core/Src/stm32f1xx_it.o
                0x08000cdc                BusFault_Handler
 .text.UsageFault_Handler
                0x08000ce4        0x8 ./Core/Src/stm32f1xx_it.o
                0x08000ce4                UsageFault_Handler
 .text.SVC_Handler
                0x08000cec        0xc ./Core/Src/stm32f1xx_it.o
                0x08000cec                SVC_Handler
 .text.DebugMon_Handler
                0x08000cf8        0xc ./Core/Src/stm32f1xx_it.o
                0x08000cf8                DebugMon_Handler
 .text.PendSV_Handler
                0x08000d04        0xc ./Core/Src/stm32f1xx_it.o
                0x08000d04                PendSV_Handler
 .text.SysTick_Handler
                0x08000d10        0xc ./Core/Src/stm32f1xx_it.o
                0x08000d10                SysTick_Handler
 .text._sbrk    0x08000d1c       0x6c ./Core/Src/sysmem.o
                0x08000d1c                _sbrk
 .text.SystemInit
                0x08000d88        0xc ./Core/Src/system_stm32f1xx.o
                0x08000d88                SystemInit
 .text.MX_USART1_UART_Init
                0x08000d94       0x54 ./Core/Src/usart.o
                0x08000d94                MX_USART1_UART_Init
 .text.HAL_UART_MspInit
                0x08000de8       0x98 ./Core/Src/usart.o
                0x08000de8                HAL_UART_MspInit
 .text._GetTof  0x08000e80       0x5c ./Core/Src/vl53l1_platform.o
                0x08000e80                _GetTof
 .text._I2CWrite
                0x08000edc       0x46 ./Core/Src/vl53l1_platform.o
                0x08000edc                _I2CWrite
 .text._I2CRead
                0x08000f22       0x46 ./Core/Src/vl53l1_platform.o
                0x08000f22                _I2CRead
 .text.VL53L1_WrByte
                0x08000f68       0x58 ./Core/Src/vl53l1_platform.o
                0x08000f68                VL53L1_WrByte
 .text.VL53L1_RdByte
                0x08000fc0       0x70 ./Core/Src/vl53l1_platform.o
                0x08000fc0                VL53L1_RdByte
 .text.VL53L1_RdWord
                0x08001030       0x80 ./Core/Src/vl53l1_platform.o
                0x08001030                VL53L1_RdWord
 .text.Reset_Handler
                0x080010b0       0x48 ./Core/Startup/startup_stm32f103c8tx.o
                0x080010b0                Reset_Handler
 .text.Default_Handler
                0x080010f8        0x2 ./Core/Startup/startup_stm32f103c8tx.o
                0x080010f8                RTC_Alarm_IRQHandler
                0x080010f8                EXTI2_IRQHandler
                0x080010f8                TIM1_CC_IRQHandler
                0x080010f8                PVD_IRQHandler
                0x080010f8                EXTI3_IRQHandler
                0x080010f8                EXTI0_IRQHandler
                0x080010f8                I2C2_EV_IRQHandler
                0x080010f8                ADC1_2_IRQHandler
                0x080010f8                SPI1_IRQHandler
                0x080010f8                TAMPER_IRQHandler
                0x080010f8                DMA1_Channel4_IRQHandler
                0x080010f8                USART3_IRQHandler
                0x080010f8                RTC_IRQHandler
                0x080010f8                DMA1_Channel7_IRQHandler
                0x080010f8                CAN1_RX1_IRQHandler
                0x080010f8                TIM4_IRQHandler
                0x080010f8                I2C1_EV_IRQHandler
                0x080010f8                DMA1_Channel6_IRQHandler
                0x080010f8                TIM3_IRQHandler
                0x080010f8                RCC_IRQHandler
                0x080010f8                TIM1_TRG_COM_IRQHandler
                0x080010f8                DMA1_Channel1_IRQHandler
                0x080010f8                Default_Handler
                0x080010f8                EXTI15_10_IRQHandler
                0x080010f8                EXTI9_5_IRQHandler
                0x080010f8                SPI2_IRQHandler
                0x080010f8                DMA1_Channel5_IRQHandler
                0x080010f8                EXTI4_IRQHandler
                0x080010f8                USB_LP_CAN1_RX0_IRQHandler
                0x080010f8                USB_HP_CAN1_TX_IRQHandler
                0x080010f8                DMA1_Channel3_IRQHandler
                0x080010f8                TIM1_UP_IRQHandler
                0x080010f8                WWDG_IRQHandler
                0x080010f8                TIM2_IRQHandler
                0x080010f8                TIM1_BRK_IRQHandler
                0x080010f8                EXTI1_IRQHandler
                0x080010f8                USART2_IRQHandler
                0x080010f8                I2C2_ER_IRQHandler
                0x080010f8                DMA1_Channel2_IRQHandler
                0x080010f8                CAN1_SCE_IRQHandler
                0x080010f8                FLASH_IRQHandler
                0x080010f8                USART1_IRQHandler
                0x080010f8                I2C1_ER_IRQHandler
                0x080010f8                USBWakeUp_IRQHandler
 *fill*         0x080010fa        0x2 
 .text.HAL_Init
                0x080010fc       0x2c ./Drivers/STM32F1xx_HAL_Driver/Src/stm32f1xx_hal.o
                0x080010fc                HAL_Init
 .text.HAL_InitTick
                0x08001128       0x60 ./Drivers/STM32F1xx_HAL_Driver/Src/stm32f1xx_hal.o
                0x08001128                HAL_InitTick
 .text.HAL_IncTick
                0x08001188       0x24 ./Drivers/STM32F1xx_HAL_Driver/Src/stm32f1xx_hal.o
                0x08001188                HAL_IncTick
 .text.HAL_GetTick
                0x080011ac       0x14 ./Drivers/STM32F1xx_HAL_Driver/Src/stm32f1xx_hal.o
                0x080011ac                HAL_GetTick
 .text.HAL_Delay
                0x080011c0       0x48 ./Drivers/STM32F1xx_HAL_Driver/Src/stm32f1xx_hal.o
                0x080011c0                HAL_Delay
 .text.HAL_CAN_Init
                0x08001208      0x1f6 ./Drivers/STM32F1xx_HAL_Driver/Src/stm32f1xx_hal_can.o
                0x08001208                HAL_CAN_Init
 .text.HAL_CAN_Start
                0x080013fe       0x88 ./Drivers/STM32F1xx_HAL_Driver/Src/stm32f1xx_hal_can.o
                0x080013fe                HAL_CAN_Start
 .text.HAL_CAN_AddTxMessage
                0x08001486      0x19e ./Drivers/STM32F1xx_HAL_Driver/Src/stm32f1xx_hal_can.o
                0x08001486                HAL_CAN_AddTxMessage
 .text.__NVIC_SetPriorityGrouping
                0x08001624       0x48 ./Drivers/STM32F1xx_HAL_Driver/Src/stm32f1xx_hal_cortex.o
 .text.__NVIC_GetPriorityGrouping
                0x0800166c       0x1c ./Drivers/STM32F1xx_HAL_Driver/Src/stm32f1xx_hal_cortex.o
 .text.__NVIC_SetPriority
                0x08001688       0x54 ./Drivers/STM32F1xx_HAL_Driver/Src/stm32f1xx_hal_cortex.o
 .text.NVIC_EncodePriority
                0x080016dc       0x64 ./Drivers/STM32F1xx_HAL_Driver/Src/stm32f1xx_hal_cortex.o
 .text.SysTick_Config
                0x08001740       0x44 ./Drivers/STM32F1xx_HAL_Driver/Src/stm32f1xx_hal_cortex.o
 .text.HAL_NVIC_SetPriorityGrouping
                0x08001784       0x16 ./Drivers/STM32F1xx_HAL_Driver/Src/stm32f1xx_hal_cortex.o
                0x08001784                HAL_NVIC_SetPriorityGrouping
 .text.HAL_NVIC_SetPriority
                0x0800179a       0x38 ./Drivers/STM32F1xx_HAL_Driver/Src/stm32f1xx_hal_cortex.o
                0x0800179a                HAL_NVIC_SetPriority
 .text.HAL_SYSTICK_Config
                0x080017d2       0x18 ./Drivers/STM32F1xx_HAL_Driver/Src/stm32f1xx_hal_cortex.o
                0x080017d2                HAL_SYSTICK_Config
 *fill*         0x080017ea        0x2 
 .text.HAL_GPIO_Init
                0x080017ec      0x308 ./Drivers/STM32F1xx_HAL_Driver/Src/stm32f1xx_hal_gpio.o
                0x080017ec                HAL_GPIO_Init
 .text.HAL_GPIO_WritePin
                0x08001af4       0x30 ./Drivers/STM32F1xx_HAL_Driver/Src/stm32f1xx_hal_gpio.o
                0x08001af4                HAL_GPIO_WritePin
 .text.HAL_I2C_Init
                0x08001b24      0x288 ./Drivers/STM32F1xx_HAL_Driver/Src/stm32f1xx_hal_i2c.o
                0x08001b24                HAL_I2C_Init
 .text.HAL_I2C_Master_Transmit
                0x08001dac      0x1fc ./Drivers/STM32F1xx_HAL_Driver/Src/stm32f1xx_hal_i2c.o
                0x08001dac                HAL_I2C_Master_Transmit
 .text.HAL_I2C_Master_Receive
                0x08001fa8      0x4d8 ./Drivers/STM32F1xx_HAL_Driver/Src/stm32f1xx_hal_i2c.o
                0x08001fa8                HAL_I2C_Master_Receive
 .text.I2C_MasterRequestWrite
                0x08002480      0x104 ./Drivers/STM32F1xx_HAL_Driver/Src/stm32f1xx_hal_i2c.o
 .text.I2C_MasterRequestRead
                0x08002584      0x19c ./Drivers/STM32F1xx_HAL_Driver/Src/stm32f1xx_hal_i2c.o
 .text.I2C_WaitOnFlagUntilTimeout
                0x08002720       0xf4 ./Drivers/STM32F1xx_HAL_Driver/Src/stm32f1xx_hal_i2c.o
 .text.I2C_WaitOnMasterAddressFlagUntilTimeout
                0x08002814      0x140 ./Drivers/STM32F1xx_HAL_Driver/Src/stm32f1xx_hal_i2c.o
 .text.I2C_WaitOnTXEFlagUntilTimeout
                0x08002954       0x90 ./Drivers/STM32F1xx_HAL_Driver/Src/stm32f1xx_hal_i2c.o
 .text.I2C_WaitOnBTFFlagUntilTimeout
                0x080029e4       0x90 ./Drivers/STM32F1xx_HAL_Driver/Src/stm32f1xx_hal_i2c.o
 .text.I2C_WaitOnRXNEFlagUntilTimeout
                0x08002a74       0xba ./Drivers/STM32F1xx_HAL_Driver/Src/stm32f1xx_hal_i2c.o
 .text.I2C_IsAcknowledgeFailed
                0x08002b2e       0x5c ./Drivers/STM32F1xx_HAL_Driver/Src/stm32f1xx_hal_i2c.o
 *fill*         0x08002b8a        0x2 
 .text.HAL_RCC_OscConfig
                0x08002b8c      0x504 ./Drivers/STM32F1xx_HAL_Driver/Src/stm32f1xx_hal_rcc.o
                0x08002b8c                HAL_RCC_OscConfig
 .text.HAL_RCC_ClockConfig
                0x08003090      0x1d4 ./Drivers/STM32F1xx_HAL_Driver/Src/stm32f1xx_hal_rcc.o
                0x08003090                HAL_RCC_ClockConfig
 .text.HAL_RCC_GetSysClockFreq
                0x08003264       0xa8 ./Drivers/STM32F1xx_HAL_Driver/Src/stm32f1xx_hal_rcc.o
                0x08003264                HAL_RCC_GetSysClockFreq
 .text.HAL_RCC_GetHCLKFreq
                0x0800330c       0x14 ./Drivers/STM32F1xx_HAL_Driver/Src/stm32f1xx_hal_rcc.o
                0x0800330c                HAL_RCC_GetHCLKFreq
 .text.HAL_RCC_GetPCLK1Freq
                0x08003320       0x28 ./Drivers/STM32F1xx_HAL_Driver/Src/stm32f1xx_hal_rcc.o
                0x08003320                HAL_RCC_GetPCLK1Freq
 .text.HAL_RCC_GetPCLK2Freq
                0x08003348       0x28 ./Drivers/STM32F1xx_HAL_Driver/Src/stm32f1xx_hal_rcc.o
                0x08003348                HAL_RCC_GetPCLK2Freq
 .text.RCC_Delay
                0x08003370       0x3c ./Drivers/STM32F1xx_HAL_Driver/Src/stm32f1xx_hal_rcc.o
 .text.HAL_UART_Init
                0x080033ac       0xa0 ./Drivers/STM32F1xx_HAL_Driver/Src/stm32f1xx_hal_uart.o
                0x080033ac                HAL_UART_Init
 .text.HAL_UART_Transmit
                0x0800344c      0x116 ./Drivers/STM32F1xx_HAL_Driver/Src/stm32f1xx_hal_uart.o
                0x0800344c                HAL_UART_Transmit
 .text.UART_WaitOnFlagUntilTimeout
                0x08003562       0xb2 ./Drivers/STM32F1xx_HAL_Driver/Src/stm32f1xx_hal_uart.o
 .text.UART_EndRxTransfer
                0x08003614       0xc4 ./Drivers/STM32F1xx_HAL_Driver/Src/stm32f1xx_hal_uart.o
 .text.UART_SetConfig
                0x080036d8      0x11c ./Drivers/STM32F1xx_HAL_Driver/Src/stm32f1xx_hal_uart.o
 .text.sprintf  0x080037f4       0x40 C:/ST/STM32CubeIDE_1.16.1/STM32CubeIDE/plugins/com.st.stm32cube.ide.mcu.externaltools.gnu-tools-for-stm32.12.3.rel1.win32_1.1.0.202410251130/tools/bin/../lib/gcc/arm-none-eabi/12.3.1/../../../../arm-none-eabi/lib/thumb/v7-m/nofp\libc_nano.a(libc_a-sprintf.o)
                0x080037f4                siprintf
                0x080037f4                sprintf
 .text.memset   0x08003834       0x10 C:/ST/STM32CubeIDE_1.16.1/STM32CubeIDE/plugins/com.st.stm32cube.ide.mcu.externaltools.gnu-tools-for-stm32.12.3.rel1.win32_1.1.0.202410251130/tools/bin/../lib/gcc/arm-none-eabi/12.3.1/../../../../arm-none-eabi/lib/thumb/v7-m/nofp\libc_nano.a(libc_a-memset.o)
                0x08003834                memset
 .text.__errno  0x08003844        0xc C:/ST/STM32CubeIDE_1.16.1/STM32CubeIDE/plugins/com.st.stm32cube.ide.mcu.externaltools.gnu-tools-for-stm32.12.3.rel1.win32_1.1.0.202410251130/tools/bin/../lib/gcc/arm-none-eabi/12.3.1/../../../../arm-none-eabi/lib/thumb/v7-m/nofp\libc_nano.a(libc_a-errno.o)
                0x08003844                __errno
 .text.__libc_init_array
                0x08003850       0x48 C:/ST/STM32CubeIDE_1.16.1/STM32CubeIDE/plugins/com.st.stm32cube.ide.mcu.externaltools.gnu-tools-for-stm32.12.3.rel1.win32_1.1.0.202410251130/tools/bin/../lib/gcc/arm-none-eabi/12.3.1/../../../../arm-none-eabi/lib/thumb/v7-m/nofp\libc_nano.a(libc_a-init.o)
                0x08003850                __libc_init_array
 .text.__retarget_lock_acquire_recursive
                0x08003898        0x2 C:/ST/STM32CubeIDE_1.16.1/STM32CubeIDE/plugins/com.st.stm32cube.ide.mcu.externaltools.gnu-tools-for-stm32.12.3.rel1.win32_1.1.0.202410251130/tools/bin/../lib/gcc/arm-none-eabi/12.3.1/../../../../arm-none-eabi/lib/thumb/v7-m/nofp\libc_nano.a(libc_a-lock.o)
                0x08003898                __retarget_lock_acquire_recursive
 .text.__retarget_lock_release_recursive
                0x0800389a        0x2 C:/ST/STM32CubeIDE_1.16.1/STM32CubeIDE/plugins/com.st.stm32cube.ide.mcu.externaltools.gnu-tools-for-stm32.12.3.rel1.win32_1.1.0.202410251130/tools/bin/../lib/gcc/arm-none-eabi/12.3.1/../../../../arm-none-eabi/lib/thumb/v7-m/nofp\libc_nano.a(libc_a-lock.o)
                0x0800389a                __retarget_lock_release_recursive
 .text.memcpy   0x0800389c       0x1c C:/ST/STM32CubeIDE_1.16.1/STM32CubeIDE/plugins/com.st.stm32cube.ide.mcu.externaltools.gnu-tools-for-stm32.12.3.rel1.win32_1.1.0.202410251130/tools/bin/../lib/gcc/arm-none-eabi/12.3.1/../../../../arm-none-eabi/lib/thumb/v7-m/nofp\libc_nano.a(libc_a-memcpy-stub.o)
                0x0800389c                memcpy
 .text._free_r  0x080038b8       0x90 C:/ST/STM32CubeIDE_1.16.1/STM32CubeIDE/plugins/com.st.stm32cube.ide.mcu.externaltools.gnu-tools-for-stm32.12.3.rel1.win32_1.1.0.202410251130/tools/bin/../lib/gcc/arm-none-eabi/12.3.1/../../../../arm-none-eabi/lib/thumb/v7-m/nofp\libc_nano.a(libc_a-freer.o)
                0x080038b8                _free_r
 .text.sbrk_aligned
                0x08003948       0x44 C:/ST/STM32CubeIDE_1.16.1/STM32CubeIDE/plugins/com.st.stm32cube.ide.mcu.externaltools.gnu-tools-for-stm32.12.3.rel1.win32_1.1.0.202410251130/tools/bin/../lib/gcc/arm-none-eabi/12.3.1/../../../../arm-none-eabi/lib/thumb/v7-m/nofp\libc_nano.a(libc_a-mallocr.o)
 .text._malloc_r
                0x0800398c      0x100 C:/ST/STM32CubeIDE_1.16.1/STM32CubeIDE/plugins/com.st.stm32cube.ide.mcu.externaltools.gnu-tools-for-stm32.12.3.rel1.win32_1.1.0.202410251130/tools/bin/../lib/gcc/arm-none-eabi/12.3.1/../../../../arm-none-eabi/lib/thumb/v7-m/nofp\libc_nano.a(libc_a-mallocr.o)
                0x0800398c                _malloc_r
 .text.__malloc_lock
                0x08003a8c        0xc C:/ST/STM32CubeIDE_1.16.1/STM32CubeIDE/plugins/com.st.stm32cube.ide.mcu.externaltools.gnu-tools-for-stm32.12.3.rel1.win32_1.1.0.202410251130/tools/bin/../lib/gcc/arm-none-eabi/12.3.1/../../../../arm-none-eabi/lib/thumb/v7-m/nofp\libc_nano.a(libc_a-mlock.o)
                0x08003a8c                __malloc_lock
 .text.__malloc_unlock
                0x08003a98        0xc C:/ST/STM32CubeIDE_1.16.1/STM32CubeIDE/plugins/com.st.stm32cube.ide.mcu.externaltools.gnu-tools-for-stm32.12.3.rel1.win32_1.1.0.202410251130/tools/bin/../lib/gcc/arm-none-eabi/12.3.1/../../../../arm-none-eabi/lib/thumb/v7-m/nofp\libc_nano.a(libc_a-mlock.o)
                0x08003a98                __malloc_unlock
 .text.__ssputs_r
                0x08003aa4       0xb6 C:/ST/STM32CubeIDE_1.16.1/STM32CubeIDE/plugins/com.st.stm32cube.ide.mcu.externaltools.gnu-tools-for-stm32.12.3.rel1.win32_1.1.0.202410251130/tools/bin/../lib/gcc/arm-none-eabi/12.3.1/../../../../arm-none-eabi/lib/thumb/v7-m/nofp\libc_nano.a(libc_a-nano-svfprintf.o)
                0x08003aa4                __ssputs_r
 *fill*         0x08003b5a        0x2 
 .text._svfprintf_r
                0x08003b5c      0x1f8 C:/ST/STM32CubeIDE_1.16.1/STM32CubeIDE/plugins/com.st.stm32cube.ide.mcu.externaltools.gnu-tools-for-stm32.12.3.rel1.win32_1.1.0.202410251130/tools/bin/../lib/gcc/arm-none-eabi/12.3.1/../../../../arm-none-eabi/lib/thumb/v7-m/nofp\libc_nano.a(libc_a-nano-svfprintf.o)
                0x08003b5c                _svfiprintf_r
                0x08003b5c                _svfprintf_r
 .text._printf_common
                0x08003d54       0xe4 C:/ST/STM32CubeIDE_1.16.1/STM32CubeIDE/plugins/com.st.stm32cube.ide.mcu.externaltools.gnu-tools-for-stm32.12.3.rel1.win32_1.1.0.202410251130/tools/bin/../lib/gcc/arm-none-eabi/12.3.1/../../../../arm-none-eabi/lib/thumb/v7-m/nofp\libc_nano.a(libc_a-nano-vfprintf_i.o)
                0x08003d54                _printf_common
 .text._printf_i
                0x08003e38      0x240 C:/ST/STM32CubeIDE_1.16.1/STM32CubeIDE/plugins/com.st.stm32cube.ide.mcu.externaltools.gnu-tools-for-stm32.12.3.rel1.win32_1.1.0.202410251130/tools/bin/../lib/gcc/arm-none-eabi/12.3.1/../../../../arm-none-eabi/lib/thumb/v7-m/nofp\libc_nano.a(libc_a-nano-vfprintf_i.o)
                0x08003e38                _printf_i
 .text.memmove  0x08004078       0x34 C:/ST/STM32CubeIDE_1.16.1/STM32CubeIDE/plugins/com.st.stm32cube.ide.mcu.externaltools.gnu-tools-for-stm32.12.3.rel1.win32_1.1.0.202410251130/tools/bin/../lib/gcc/arm-none-eabi/12.3.1/../../../../arm-none-eabi/lib/thumb/v7-m/nofp\libc_nano.a(libc_a-memmove.o)
                0x08004078                memmove
 .text._sbrk_r  0x080040ac       0x20 C:/ST/STM32CubeIDE_1.16.1/STM32CubeIDE/plugins/com.st.stm32cube.ide.mcu.externaltools.gnu-tools-for-stm32.12.3.rel1.win32_1.1.0.202410251130/tools/bin/../lib/gcc/arm-none-eabi/12.3.1/../../../../arm-none-eabi/lib/thumb/v7-m/nofp\libc_nano.a(libc_a-sbrkr.o)
                0x080040ac                _sbrk_r
 .text.memchr   0x080040cc       0x1c C:/ST/STM32CubeIDE_1.16.1/STM32CubeIDE/plugins/com.st.stm32cube.ide.mcu.externaltools.gnu-tools-for-stm32.12.3.rel1.win32_1.1.0.202410251130/tools/bin/../lib/gcc/arm-none-eabi/12.3.1/../../../../arm-none-eabi/lib/thumb/v7-m/nofp\libc_nano.a(libc_a-memchr-stub.o)
                0x080040cc                memchr
 .text._realloc_r
                0x080040e8       0x5c C:/ST/STM32CubeIDE_1.16.1/STM32CubeIDE/plugins/com.st.stm32cube.ide.mcu.externaltools.gnu-tools-for-stm32.12.3.rel1.win32_1.1.0.202410251130/tools/bin/../lib/gcc/arm-none-eabi/12.3.1/../../../../arm-none-eabi/lib/thumb/v7-m/nofp\libc_nano.a(libc_a-reallocr.o)
                0x080040e8                _realloc_r
 .text._malloc_usable_size_r
                0x08004144       0x10 C:/ST/STM32CubeIDE_1.16.1/STM32CubeIDE/plugins/com.st.stm32cube.ide.mcu.externaltools.gnu-tools-for-stm32.12.3.rel1.win32_1.1.0.202410251130/tools/bin/../lib/gcc/arm-none-eabi/12.3.1/../../../../arm-none-eabi/lib/thumb/v7-m/nofp\libc_nano.a(libc_a-msizer.o)
                0x08004144                _malloc_usable_size_r
 *(.glue_7)
 .glue_7        0x08004154        0x0 linker stubs
 *(.glue_7t)
 .glue_7t       0x08004154        0x0 linker stubs
 *(.eh_frame)
 .eh_frame      0x08004154        0x0 C:/ST/STM32CubeIDE_1.16.1/STM32CubeIDE/plugins/com.st.stm32cube.ide.mcu.externaltools.gnu-tools-for-stm32.12.3.rel1.win32_1.1.0.202410251130/tools/bin/../lib/gcc/arm-none-eabi/12.3.1/thumb/v7-m/nofp/crtbegin.o
 *(.init)
 .init          0x08004154        0x4 C:/ST/STM32CubeIDE_1.16.1/STM32CubeIDE/plugins/com.st.stm32cube.ide.mcu.externaltools.gnu-tools-for-stm32.12.3.rel1.win32_1.1.0.202410251130/tools/bin/../lib/gcc/arm-none-eabi/12.3.1/thumb/v7-m/nofp/crti.o
                0x08004154                _init
 .init          0x08004158        0x8 C:/ST/STM32CubeIDE_1.16.1/STM32CubeIDE/plugins/com.st.stm32cube.ide.mcu.externaltools.gnu-tools-for-stm32.12.3.rel1.win32_1.1.0.202410251130/tools/bin/../lib/gcc/arm-none-eabi/12.3.1/thumb/v7-m/nofp/crtn.o
 *(.fini)
 .fini          0x08004160        0x4 C:/ST/STM32CubeIDE_1.16.1/STM32CubeIDE/plugins/com.st.stm32cube.ide.mcu.externaltools.gnu-tools-for-stm32.12.3.rel1.win32_1.1.0.202410251130/tools/bin/../lib/gcc/arm-none-eabi/12.3.1/thumb/v7-m/nofp/crti.o
                0x08004160                _fini
 .fini          0x08004164        0x8 C:/ST/STM32CubeIDE_1.16.1/STM32CubeIDE/plugins/com.st.stm32cube.ide.mcu.externaltools.gnu-tools-for-stm32.12.3.rel1.win32_1.1.0.202410251130/tools/bin/../lib/gcc/arm-none-eabi/12.3.1/thumb/v7-m/nofp/crtn.o
                0x0800416c                        . = ALIGN (0x4)
                0x0800416c                        _etext = .

.vfp11_veneer   0x0800416c        0x0
 .vfp11_veneer  0x0800416c        0x0 linker stubs

.v4_bx          0x0800416c        0x0
 .v4_bx         0x0800416c        0x0 linker stubs

.iplt           0x0800416c        0x0
 .iplt          0x0800416c        0x0 C:/ST/STM32CubeIDE_1.16.1/STM32CubeIDE/plugins/com.st.stm32cube.ide.mcu.externaltools.gnu-tools-for-stm32.12.3.rel1.win32_1.1.0.202410251130/tools/bin/../lib/gcc/arm-none-eabi/12.3.1/thumb/v7-m/nofp/crtbegin.o

.rodata         0x0800416c      0x270
                0x0800416c                        . = ALIGN (0x4)
 *(.rodata)
 .rodata        0x0800416c      0x184 ./Core/Src/VL53L1X.o
 .rodata        0x080042f0       0x2c ./Core/Src/main.o
 *(.rodata*)
 .rodata.registered_sensors_cnt
                0x0800431c        0x4 ./Core/Src/VL53L1X.o
                0x0800431c                registered_sensors_cnt
 .rodata.VL51L1X_DEFAULT_CONFIGURATION
                0x08004320       0x5b ./Core/Src/VL53L1X_api.o
                0x08004320                VL51L1X_DEFAULT_CONFIGURATION
 *fill*         0x0800437b        0x1 
 .rodata.AHBPrescTable
                0x0800437c       0x10 ./Core/Src/system_stm32f1xx.o
                0x0800437c                AHBPrescTable
 .rodata.APBPrescTable
                0x0800438c        0x8 ./Core/Src/system_stm32f1xx.o
                0x0800438c                APBPrescTable
 .rodata.aPLLMULFactorTable.1
                0x08004394       0x10 ./Drivers/STM32F1xx_HAL_Driver/Src/stm32f1xx_hal_rcc.o
 .rodata.aPredivFactorTable.0
                0x080043a4        0x2 ./Drivers/STM32F1xx_HAL_Driver/Src/stm32f1xx_hal_rcc.o
 .rodata._svfprintf_r.str1.1
                0x080043a6       0x11 C:/ST/STM32CubeIDE_1.16.1/STM32CubeIDE/plugins/com.st.stm32cube.ide.mcu.externaltools.gnu-tools-for-stm32.12.3.rel1.win32_1.1.0.202410251130/tools/bin/../lib/gcc/arm-none-eabi/12.3.1/../../../../arm-none-eabi/lib/thumb/v7-m/nofp\libc_nano.a(libc_a-nano-svfprintf.o)
 .rodata._printf_i.str1.1
                0x080043b7       0x22 C:/ST/STM32CubeIDE_1.16.1/STM32CubeIDE/plugins/com.st.stm32cube.ide.mcu.externaltools.gnu-tools-for-stm32.12.3.rel1.win32_1.1.0.202410251130/tools/bin/../lib/gcc/arm-none-eabi/12.3.1/../../../../arm-none-eabi/lib/thumb/v7-m/nofp\libc_nano.a(libc_a-nano-vfprintf_i.o)
                0x080043dc                        . = ALIGN (0x4)
 *fill*         0x080043d9        0x3 

.ARM.extab      0x080043dc        0x0
                0x080043dc                        . = ALIGN (0x4)
 *(.ARM.extab* .gnu.linkonce.armextab.*)
                0x080043dc                        . = ALIGN (0x4)

.ARM            0x080043dc        0x8
                0x080043dc                        . = ALIGN (0x4)
                0x080043dc                        __exidx_start = .
 *(.ARM.exidx*)
 .ARM.exidx     0x080043dc        0x8 C:/ST/STM32CubeIDE_1.16.1/STM32CubeIDE/plugins/com.st.stm32cube.ide.mcu.externaltools.gnu-tools-for-stm32.12.3.rel1.win32_1.1.0.202410251130/tools/bin/../lib/gcc/arm-none-eabi/12.3.1/../../../../arm-none-eabi/lib/thumb/v7-m/nofp\libc_nano.a(libc_a-strlen.o)
                0x080043e4                        __exidx_end = .
                0x080043e4                        . = ALIGN (0x4)

.preinit_array  0x080043e4        0x0
                0x080043e4                        . = ALIGN (0x4)
                0x080043e4                        PROVIDE (__preinit_array_start = .)
 *(.preinit_array*)
                0x080043e4                        PROVIDE (__preinit_array_end = .)
                0x080043e4                        . = ALIGN (0x4)

.init_array     0x080043e4        0x4
                0x080043e4                        . = ALIGN (0x4)
                0x080043e4                        PROVIDE (__init_array_start = .)
 *(SORT_BY_NAME(.init_array.*))
 *(.init_array*)
 .init_array    0x080043e4        0x4 C:/ST/STM32CubeIDE_1.16.1/STM32CubeIDE/plugins/com.st.stm32cube.ide.mcu.externaltools.gnu-tools-for-stm32.12.3.rel1.win32_1.1.0.202410251130/tools/bin/../lib/gcc/arm-none-eabi/12.3.1/thumb/v7-m/nofp/crtbegin.o
                0x080043e8                        PROVIDE (__init_array_end = .)
                0x080043e8                        . = ALIGN (0x4)

.fini_array     0x080043e8        0x4
                0x080043e8                        . = ALIGN (0x4)
                [!provide]                        PROVIDE (__fini_array_start = .)
 *(SORT_BY_NAME(.fini_array.*))
 *(.fini_array*)
 .fini_array    0x080043e8        0x4 C:/ST/STM32CubeIDE_1.16.1/STM32CubeIDE/plugins/com.st.stm32cube.ide.mcu.externaltools.gnu-tools-for-stm32.12.3.rel1.win32_1.1.0.202410251130/tools/bin/../lib/gcc/arm-none-eabi/12.3.1/thumb/v7-m/nofp/crtbegin.o
                [!provide]                        PROVIDE (__fini_array_end = .)
                0x080043ec                        . = ALIGN (0x4)
                0x080043ec                        _sidata = LOADADDR (.data)

.rel.dyn        0x080043ec        0x0
 .rel.iplt      0x080043ec        0x0 C:/ST/STM32CubeIDE_1.16.1/STM32CubeIDE/plugins/com.st.stm32cube.ide.mcu.externaltools.gnu-tools-for-stm32.12.3.rel1.win32_1.1.0.202410251130/tools/bin/../lib/gcc/arm-none-eabi/12.3.1/thumb/v7-m/nofp/crtbegin.o

.data           0x20000000       0x5c load address 0x080043ec
                0x20000000                        . = ALIGN (0x4)
                0x20000000                        _sdata = .
 *(.data)
 *(.data*)
 .data.SystemCoreClock
                0x20000000        0x4 ./Core/Src/system_stm32f1xx.o
                0x20000000                SystemCoreClock
 .data.uwTickPrio
                0x20000004        0x4 ./Drivers/STM32F1xx_HAL_Driver/Src/stm32f1xx_hal.o
                0x20000004                uwTickPrio
 .data.uwTickFreq
                0x20000008        0x1 ./Drivers/STM32F1xx_HAL_Driver/Src/stm32f1xx_hal.o
                0x20000008                uwTickFreq
 *fill*         0x20000009        0x3 
 .data._impure_ptr
                0x2000000c        0x4 C:/ST/STM32CubeIDE_1.16.1/STM32CubeIDE/plugins/com.st.stm32cube.ide.mcu.externaltools.gnu-tools-for-stm32.12.3.rel1.win32_1.1.0.202410251130/tools/bin/../lib/gcc/arm-none-eabi/12.3.1/../../../../arm-none-eabi/lib/thumb/v7-m/nofp\libc_nano.a(libc_a-impure.o)
                0x2000000c                _impure_ptr
 .data._impure_data
                0x20000010       0x4c C:/ST/STM32CubeIDE_1.16.1/STM32CubeIDE/plugins/com.st.stm32cube.ide.mcu.externaltools.gnu-tools-for-stm32.12.3.rel1.win32_1.1.0.202410251130/tools/bin/../lib/gcc/arm-none-eabi/12.3.1/../../../../arm-none-eabi/lib/thumb/v7-m/nofp\libc_nano.a(libc_a-impure.o)
                0x20000010                _impure_data
 *(.RamFunc)
 *(.RamFunc*)
                0x2000005c                        . = ALIGN (0x4)
                0x2000005c                        _edata = .

.igot.plt       0x2000005c        0x0 load address 0x08004448
 .igot.plt      0x2000005c        0x0 C:/ST/STM32CubeIDE_1.16.1/STM32CubeIDE/plugins/com.st.stm32cube.ide.mcu.externaltools.gnu-tools-for-stm32.12.3.rel1.win32_1.1.0.202410251130/tools/bin/../lib/gcc/arm-none-eabi/12.3.1/thumb/v7-m/nofp/crtbegin.o
                0x2000005c                        . = ALIGN (0x4)

.bss            0x2000005c      0x380 load address 0x08004448
                0x2000005c                        _sbss = .
                0x2000005c                        __bss_start__ = _sbss
 *(.bss)
 .bss           0x2000005c       0x1c C:/ST/STM32CubeIDE_1.16.1/STM32CubeIDE/plugins/com.st.stm32cube.ide.mcu.externaltools.gnu-tools-for-stm32.12.3.rel1.win32_1.1.0.202410251130/tools/bin/../lib/gcc/arm-none-eabi/12.3.1/thumb/v7-m/nofp/crtbegin.o
 *(.bss*)
 .bss.registered_sensors
                0x20000078       0x28 ./Core/Src/VL53L1X.o
                0x20000078                registered_sensors
 .bss.vl53l1x_log_func
                0x200000a0        0x4 ./Core/Src/VL53L1X.o
 .bss.hi2c1     0x200000a4       0x54 ./Core/Src/i2c.o
                0x200000a4                hi2c1
 .bss.hcan      0x200000f8       0x28 ./Core/Src/main.o
                0x200000f8                hcan
 .bss.TxData    0x20000120        0x8 ./Core/Src/main.o
                0x20000120                TxData
 .bss.TxHeader  0x20000128       0x18 ./Core/Src/main.o
                0x20000128                TxHeader
 .bss.TxMailbox
                0x20000140        0x4 ./Core/Src/main.o
                0x20000140                TxMailbox
 .bss.__sbrk_heap_end
                0x20000144        0x4 ./Core/Src/sysmem.o
 .bss.huart1    0x20000148       0x48 ./Core/Src/usart.o
                0x20000148                huart1
 .bss._I2CBuffer
                0x20000190      0x100 ./Core/Src/vl53l1_platform.o
                0x20000190                _I2CBuffer
 .bss.uwTick    0x20000290        0x4 ./Drivers/STM32F1xx_HAL_Driver/Src/stm32f1xx_hal.o
                0x20000290                uwTick
 .bss.__sf      0x20000294      0x138 C:/ST/STM32CubeIDE_1.16.1/STM32CubeIDE/plugins/com.st.stm32cube.ide.mcu.externaltools.gnu-tools-for-stm32.12.3.rel1.win32_1.1.0.202410251130/tools/bin/../lib/gcc/arm-none-eabi/12.3.1/../../../../arm-none-eabi/lib/thumb/v7-m/nofp\libc_nano.a(libc_a-findfp.o)
                0x20000294                __sf
 .bss.errno     0x200003cc        0x4 C:/ST/STM32CubeIDE_1.16.1/STM32CubeIDE/plugins/com.st.stm32cube.ide.mcu.externaltools.gnu-tools-for-stm32.12.3.rel1.win32_1.1.0.202410251130/tools/bin/../lib/gcc/arm-none-eabi/12.3.1/../../../../arm-none-eabi/lib/thumb/v7-m/nofp\libc_nano.a(libc_a-reent.o)
                0x200003cc                errno
 .bss.__lock___malloc_recursive_mutex
                0x200003d0        0x1 C:/ST/STM32CubeIDE_1.16.1/STM32CubeIDE/plugins/com.st.stm32cube.ide.mcu.externaltools.gnu-tools-for-stm32.12.3.rel1.win32_1.1.0.202410251130/tools/bin/../lib/gcc/arm-none-eabi/12.3.1/../../../../arm-none-eabi/lib/thumb/v7-m/nofp\libc_nano.a(libc_a-lock.o)
                0x200003d0                __lock___malloc_recursive_mutex
 *fill*         0x200003d1        0x3 
 .bss.__malloc_sbrk_start
                0x200003d4        0x4 C:/ST/STM32CubeIDE_1.16.1/STM32CubeIDE/plugins/com.st.stm32cube.ide.mcu.externaltools.gnu-tools-for-stm32.12.3.rel1.win32_1.1.0.202410251130/tools/bin/../lib/gcc/arm-none-eabi/12.3.1/../../../../arm-none-eabi/lib/thumb/v7-m/nofp\libc_nano.a(libc_a-mallocr.o)
                0x200003d4                __malloc_sbrk_start
 .bss.__malloc_free_list
                0x200003d8        0x4 C:/ST/STM32CubeIDE_1.16.1/STM32CubeIDE/plugins/com.st.stm32cube.ide.mcu.externaltools.gnu-tools-for-stm32.12.3.rel1.win32_1.1.0.202410251130/tools/bin/../lib/gcc/arm-none-eabi/12.3.1/../../../../arm-none-eabi/lib/thumb/v7-m/nofp\libc_nano.a(libc_a-mallocr.o)
                0x200003d8                __malloc_free_list
 *(COMMON)
                0x200003dc                        . = ALIGN (0x4)
                0x200003dc                        _ebss = .
                0x200003dc                        __bss_end__ = _ebss

._user_heap_stack
                0x200003dc      0x604 load address 0x08004448
                0x200003e0                        . = ALIGN (0x8)
 *fill*         0x200003dc        0x4 
                [!provide]                        PROVIDE (end = .)
                0x200003e0                        PROVIDE (_end = .)
                0x200005e0                        . = (. + _Min_Heap_Size)
 *fill*         0x200003e0      0x200 
                0x200009e0                        . = (. + _Min_Stack_Size)
 *fill*         0x200005e0      0x400 
                0x200009e0                        . = ALIGN (0x8)

/DISCARD/
 libc.a(*)
 libm.a(*)
 libgcc.a(*)

.ARM.attributes
                0x00000000       0x29
 *(.ARM.attributes)
 .ARM.attributes
                0x00000000       0x1d C:/ST/STM32CubeIDE_1.16.1/STM32CubeIDE/plugins/com.st.stm32cube.ide.mcu.externaltools.gnu-tools-for-stm32.12.3.rel1.win32_1.1.0.202410251130/tools/bin/../lib/gcc/arm-none-eabi/12.3.1/thumb/v7-m/nofp/crti.o
 .ARM.attributes
                0x0000001d       0x2d C:/ST/STM32CubeIDE_1.16.1/STM32CubeIDE/plugins/com.st.stm32cube.ide.mcu.externaltools.gnu-tools-for-stm32.12.3.rel1.win32_1.1.0.202410251130/tools/bin/../lib/gcc/arm-none-eabi/12.3.1/thumb/v7-m/nofp/crtbegin.o
 .ARM.attributes
                0x0000004a       0x2d ./Core/Src/VL53L1X.o
 .ARM.attributes
                0x00000077       0x2d ./Core/Src/VL53L1X_api.o
 .ARM.attributes
                0x000000a4       0x2d ./Core/Src/gpio.o
 .ARM.attributes
                0x000000d1       0x2d ./Core/Src/i2c.o
 .ARM.attributes
                0x000000fe       0x2d ./Core/Src/main.o
 .ARM.attributes
                0x0000012b       0x2d ./Core/Src/stm32f1xx_hal_msp.o
 .ARM.attributes
                0x00000158       0x2d ./Core/Src/stm32f1xx_it.o
 .ARM.attributes
                0x00000185       0x2d ./Core/Src/sysmem.o
 .ARM.attributes
                0x000001b2       0x2d ./Core/Src/system_stm32f1xx.o
 .ARM.attributes
                0x000001df       0x2d ./Core/Src/usart.o
 .ARM.attributes
                0x0000020c       0x2d ./Core/Src/vl53l1_platform.o
 .ARM.attributes
                0x00000239       0x21 ./Core/Startup/startup_stm32f103c8tx.o
 .ARM.attributes
                0x0000025a       0x2d ./Drivers/STM32F1xx_HAL_Driver/Src/stm32f1xx_hal.o
 .ARM.attributes
                0x00000287       0x2d ./Drivers/STM32F1xx_HAL_Driver/Src/stm32f1xx_hal_can.o
 .ARM.attributes
                0x000002b4       0x2d ./Drivers/STM32F1xx_HAL_Driver/Src/stm32f1xx_hal_cortex.o
 .ARM.attributes
                0x000002e1       0x2d ./Drivers/STM32F1xx_HAL_Driver/Src/stm32f1xx_hal_gpio.o
 .ARM.attributes
                0x0000030e       0x2d ./Drivers/STM32F1xx_HAL_Driver/Src/stm32f1xx_hal_i2c.o
 .ARM.attributes
                0x0000033b       0x2d ./Drivers/STM32F1xx_HAL_Driver/Src/stm32f1xx_hal_rcc.o
 .ARM.attributes
                0x00000368       0x2d ./Drivers/STM32F1xx_HAL_Driver/Src/stm32f1xx_hal_uart.o
 .ARM.attributes
                0x00000395       0x2d C:/ST/STM32CubeIDE_1.16.1/STM32CubeIDE/plugins/com.st.stm32cube.ide.mcu.externaltools.gnu-tools-for-stm32.12.3.rel1.win32_1.1.0.202410251130/tools/bin/../lib/gcc/arm-none-eabi/12.3.1/../../../../arm-none-eabi/lib/thumb/v7-m/nofp\libc_nano.a(libc_a-findfp.o)
 .ARM.attributes
                0x000003c2       0x2d C:/ST/STM32CubeIDE_1.16.1/STM32CubeIDE/plugins/com.st.stm32cube.ide.mcu.externaltools.gnu-tools-for-stm32.12.3.rel1.win32_1.1.0.202410251130/tools/bin/../lib/gcc/arm-none-eabi/12.3.1/../../../../arm-none-eabi/lib/thumb/v7-m/nofp\libc_nano.a(libc_a-sprintf.o)
 .ARM.attributes
                0x000003ef       0x2d C:/ST/STM32CubeIDE_1.16.1/STM32CubeIDE/plugins/com.st.stm32cube.ide.mcu.externaltools.gnu-tools-for-stm32.12.3.rel1.win32_1.1.0.202410251130/tools/bin/../lib/gcc/arm-none-eabi/12.3.1/../../../../arm-none-eabi/lib/thumb/v7-m/nofp\libc_nano.a(libc_a-memset.o)
 .ARM.attributes
                0x0000041c       0x2d C:/ST/STM32CubeIDE_1.16.1/STM32CubeIDE/plugins/com.st.stm32cube.ide.mcu.externaltools.gnu-tools-for-stm32.12.3.rel1.win32_1.1.0.202410251130/tools/bin/../lib/gcc/arm-none-eabi/12.3.1/../../../../arm-none-eabi/lib/thumb/v7-m/nofp\libc_nano.a(libc_a-reent.o)
 .ARM.attributes
                0x00000449       0x2d C:/ST/STM32CubeIDE_1.16.1/STM32CubeIDE/plugins/com.st.stm32cube.ide.mcu.externaltools.gnu-tools-for-stm32.12.3.rel1.win32_1.1.0.202410251130/tools/bin/../lib/gcc/arm-none-eabi/12.3.1/../../../../arm-none-eabi/lib/thumb/v7-m/nofp\libc_nano.a(libc_a-impure.o)
 .ARM.attributes
                0x00000476       0x2d C:/ST/STM32CubeIDE_1.16.1/STM32CubeIDE/plugins/com.st.stm32cube.ide.mcu.externaltools.gnu-tools-for-stm32.12.3.rel1.win32_1.1.0.202410251130/tools/bin/../lib/gcc/arm-none-eabi/12.3.1/../../../../arm-none-eabi/lib/thumb/v7-m/nofp\libc_nano.a(libc_a-errno.o)
 .ARM.attributes
                0x000004a3       0x2d C:/ST/STM32CubeIDE_1.16.1/STM32CubeIDE/plugins/com.st.stm32cube.ide.mcu.externaltools.gnu-tools-for-stm32.12.3.rel1.win32_1.1.0.202410251130/tools/bin/../lib/gcc/arm-none-eabi/12.3.1/../../../../arm-none-eabi/lib/thumb/v7-m/nofp\libc_nano.a(libc_a-init.o)
 .ARM.attributes
                0x000004d0       0x2d C:/ST/STM32CubeIDE_1.16.1/STM32CubeIDE/plugins/com.st.stm32cube.ide.mcu.externaltools.gnu-tools-for-stm32.12.3.rel1.win32_1.1.0.202410251130/tools/bin/../lib/gcc/arm-none-eabi/12.3.1/../../../../arm-none-eabi/lib/thumb/v7-m/nofp\libc_nano.a(libc_a-lock.o)
 .ARM.attributes
                0x000004fd       0x2d C:/ST/STM32CubeIDE_1.16.1/STM32CubeIDE/plugins/com.st.stm32cube.ide.mcu.externaltools.gnu-tools-for-stm32.12.3.rel1.win32_1.1.0.202410251130/tools/bin/../lib/gcc/arm-none-eabi/12.3.1/../../../../arm-none-eabi/lib/thumb/v7-m/nofp\libc_nano.a(libc_a-memcpy-stub.o)
 .ARM.attributes
                0x0000052a       0x17 C:/ST/STM32CubeIDE_1.16.1/STM32CubeIDE/plugins/com.st.stm32cube.ide.mcu.externaltools.gnu-tools-for-stm32.12.3.rel1.win32_1.1.0.202410251130/tools/bin/../lib/gcc/arm-none-eabi/12.3.1/../../../../arm-none-eabi/lib/thumb/v7-m/nofp\libc_nano.a(libc_a-strlen.o)
 .ARM.attributes
                0x00000541       0x2d C:/ST/STM32CubeIDE_1.16.1/STM32CubeIDE/plugins/com.st.stm32cube.ide.mcu.externaltools.gnu-tools-for-stm32.12.3.rel1.win32_1.1.0.202410251130/tools/bin/../lib/gcc/arm-none-eabi/12.3.1/../../../../arm-none-eabi/lib/thumb/v7-m/nofp\libc_nano.a(libc_a-freer.o)
 .ARM.attributes
                0x0000056e       0x2d C:/ST/STM32CubeIDE_1.16.1/STM32CubeIDE/plugins/com.st.stm32cube.ide.mcu.externaltools.gnu-tools-for-stm32.12.3.rel1.win32_1.1.0.202410251130/tools/bin/../lib/gcc/arm-none-eabi/12.3.1/../../../../arm-none-eabi/lib/thumb/v7-m/nofp\libc_nano.a(libc_a-mallocr.o)
 .ARM.attributes
                0x0000059b       0x2d C:/ST/STM32CubeIDE_1.16.1/STM32CubeIDE/plugins/com.st.stm32cube.ide.mcu.externaltools.gnu-tools-for-stm32.12.3.rel1.win32_1.1.0.202410251130/tools/bin/../lib/gcc/arm-none-eabi/12.3.1/../../../../arm-none-eabi/lib/thumb/v7-m/nofp\libc_nano.a(libc_a-mlock.o)
 .ARM.attributes
                0x000005c8       0x2d C:/ST/STM32CubeIDE_1.16.1/STM32CubeIDE/plugins/com.st.stm32cube.ide.mcu.externaltools.gnu-tools-for-stm32.12.3.rel1.win32_1.1.0.202410251130/tools/bin/../lib/gcc/arm-none-eabi/12.3.1/../../../../arm-none-eabi/lib/thumb/v7-m/nofp\libc_nano.a(libc_a-nano-svfprintf.o)
 .ARM.attributes
                0x000005f5       0x2d C:/ST/STM32CubeIDE_1.16.1/STM32CubeIDE/plugins/com.st.stm32cube.ide.mcu.externaltools.gnu-tools-for-stm32.12.3.rel1.win32_1.1.0.202410251130/tools/bin/../lib/gcc/arm-none-eabi/12.3.1/../../../../arm-none-eabi/lib/thumb/v7-m/nofp\libc_nano.a(libc_a-nano-vfprintf_i.o)
 .ARM.attributes
                0x00000622       0x2d C:/ST/STM32CubeIDE_1.16.1/STM32CubeIDE/plugins/com.st.stm32cube.ide.mcu.externaltools.gnu-tools-for-stm32.12.3.rel1.win32_1.1.0.202410251130/tools/bin/../lib/gcc/arm-none-eabi/12.3.1/../../../../arm-none-eabi/lib/thumb/v7-m/nofp\libc_nano.a(libc_a-memmove.o)
 .ARM.attributes
                0x0000064f       0x2d C:/ST/STM32CubeIDE_1.16.1/STM32CubeIDE/plugins/com.st.stm32cube.ide.mcu.externaltools.gnu-tools-for-stm32.12.3.rel1.win32_1.1.0.202410251130/tools/bin/../lib/gcc/arm-none-eabi/12.3.1/../../../../arm-none-eabi/lib/thumb/v7-m/nofp\libc_nano.a(libc_a-sbrkr.o)
 .ARM.attributes
                0x0000067c       0x2d C:/ST/STM32CubeIDE_1.16.1/STM32CubeIDE/plugins/com.st.stm32cube.ide.mcu.externaltools.gnu-tools-for-stm32.12.3.rel1.win32_1.1.0.202410251130/tools/bin/../lib/gcc/arm-none-eabi/12.3.1/../../../../arm-none-eabi/lib/thumb/v7-m/nofp\libc_nano.a(libc_a-memchr-stub.o)
 .ARM.attributes
                0x000006a9       0x2d C:/ST/STM32CubeIDE_1.16.1/STM32CubeIDE/plugins/com.st.stm32cube.ide.mcu.externaltools.gnu-tools-for-stm32.12.3.rel1.win32_1.1.0.202410251130/tools/bin/../lib/gcc/arm-none-eabi/12.3.1/../../../../arm-none-eabi/lib/thumb/v7-m/nofp\libc_nano.a(libc_a-reallocr.o)
 .ARM.attributes
                0x000006d6       0x2d C:/ST/STM32CubeIDE_1.16.1/STM32CubeIDE/plugins/com.st.stm32cube.ide.mcu.externaltools.gnu-tools-for-stm32.12.3.rel1.win32_1.1.0.202410251130/tools/bin/../lib/gcc/arm-none-eabi/12.3.1/../../../../arm-none-eabi/lib/thumb/v7-m/nofp\libc_nano.a(libc_a-msizer.o)
 .ARM.attributes
                0x00000703       0x1d C:/ST/STM32CubeIDE_1.16.1/STM32CubeIDE/plugins/com.st.stm32cube.ide.mcu.externaltools.gnu-tools-for-stm32.12.3.rel1.win32_1.1.0.202410251130/tools/bin/../lib/gcc/arm-none-eabi/12.3.1/thumb/v7-m/nofp/crtn.o
OUTPUT(Sensor.elf elf32-littlearm)
LOAD linker stubs
LOAD C:/ST/STM32CubeIDE_1.16.1/STM32CubeIDE/plugins/com.st.stm32cube.ide.mcu.externaltools.gnu-tools-for-stm32.12.3.rel1.win32_1.1.0.202410251130/tools/bin/../lib/gcc/arm-none-eabi/12.3.1/../../../../arm-none-eabi/lib/thumb/v7-m/nofp\libc.a
LOAD C:/ST/STM32CubeIDE_1.16.1/STM32CubeIDE/plugins/com.st.stm32cube.ide.mcu.externaltools.gnu-tools-for-stm32.12.3.rel1.win32_1.1.0.202410251130/tools/bin/../lib/gcc/arm-none-eabi/12.3.1/../../../../arm-none-eabi/lib/thumb/v7-m/nofp\libm.a
LOAD C:/ST/STM32CubeIDE_1.16.1/STM32CubeIDE/plugins/com.st.stm32cube.ide.mcu.externaltools.gnu-tools-for-stm32.12.3.rel1.win32_1.1.0.202410251130/tools/bin/../lib/gcc/arm-none-eabi/12.3.1/thumb/v7-m/nofp\libgcc.a

.debug_info     0x00000000     0xd837
 .debug_info    0x00000000      0x98c ./Core/Src/VL53L1X.o
 .debug_info    0x0000098c     0x10cc ./Core/Src/VL53L1X_api.o
 .debug_info    0x00001a58      0x2d3 ./Core/Src/gpio.o
 .debug_info    0x00001d2b      0x7e3 ./Core/Src/i2c.o
 .debug_info    0x0000250e     0x11b5 ./Core/Src/main.o
 .debug_info    0x000036c3      0x731 ./Core/Src/stm32f1xx_hal_msp.o
 .debug_info    0x00003df4      0x113 ./Core/Src/stm32f1xx_it.o
 .debug_info    0x00003f07      0x168 ./Core/Src/sysmem.o
 .debug_info    0x0000406f      0x222 ./Core/Src/system_stm32f1xx.o
 .debug_info    0x00004291      0x798 ./Core/Src/usart.o
 .debug_info    0x00004a29      0xbaf ./Core/Src/vl53l1_platform.o
 .debug_info    0x000055d8       0x30 ./Core/Startup/startup_stm32f103c8tx.o
 .debug_info    0x00005608      0x704 ./Drivers/STM32F1xx_HAL_Driver/Src/stm32f1xx_hal.o
 .debug_info    0x00005d0c      0xf13 ./Drivers/STM32F1xx_HAL_Driver/Src/stm32f1xx_hal_can.o
 .debug_info    0x00006c1f      0xa87 ./Drivers/STM32F1xx_HAL_Driver/Src/stm32f1xx_hal_cortex.o
 .debug_info    0x000076a6      0x5ab ./Drivers/STM32F1xx_HAL_Driver/Src/stm32f1xx_hal_gpio.o
 .debug_info    0x00007c51     0x2524 ./Drivers/STM32F1xx_HAL_Driver/Src/stm32f1xx_hal_i2c.o
 .debug_info    0x0000a175      0x7d5 ./Drivers/STM32F1xx_HAL_Driver/Src/stm32f1xx_hal_rcc.o
 .debug_info    0x0000a94a     0x2eed ./Drivers/STM32F1xx_HAL_Driver/Src/stm32f1xx_hal_uart.o

.debug_abbrev   0x00000000     0x2385
 .debug_abbrev  0x00000000      0x249 ./Core/Src/VL53L1X.o
 .debug_abbrev  0x00000249      0x19d ./Core/Src/VL53L1X_api.o
 .debug_abbrev  0x000003e6      0x13f ./Core/Src/gpio.o
 .debug_abbrev  0x00000525      0x1de ./Core/Src/i2c.o
 .debug_abbrev  0x00000703      0x2fb ./Core/Src/main.o
 .debug_abbrev  0x000009fe      0x1c6 ./Core/Src/stm32f1xx_hal_msp.o
 .debug_abbrev  0x00000bc4       0x73 ./Core/Src/stm32f1xx_it.o
 .debug_abbrev  0x00000c37       0xbc ./Core/Src/sysmem.o
 .debug_abbrev  0x00000cf3      0x13f ./Core/Src/system_stm32f1xx.o
 .debug_abbrev  0x00000e32      0x1e6 ./Core/Src/usart.o
 .debug_abbrev  0x00001018      0x21c ./Core/Src/vl53l1_platform.o
 .debug_abbrev  0x00001234       0x24 ./Core/Startup/startup_stm32f103c8tx.o
 .debug_abbrev  0x00001258      0x201 ./Drivers/STM32F1xx_HAL_Driver/Src/stm32f1xx_hal.o
 .debug_abbrev  0x00001459      0x21c ./Drivers/STM32F1xx_HAL_Driver/Src/stm32f1xx_hal_can.o
 .debug_abbrev  0x00001675      0x2f8 ./Drivers/STM32F1xx_HAL_Driver/Src/stm32f1xx_hal_cortex.o
 .debug_abbrev  0x0000196d      0x1ca ./Drivers/STM32F1xx_HAL_Driver/Src/stm32f1xx_hal_gpio.o
 .debug_abbrev  0x00001b37      0x2a3 ./Drivers/STM32F1xx_HAL_Driver/Src/stm32f1xx_hal_i2c.o
 .debug_abbrev  0x00001dda      0x2b3 ./Drivers/STM32F1xx_HAL_Driver/Src/stm32f1xx_hal_rcc.o
 .debug_abbrev  0x0000208d      0x2f8 ./Drivers/STM32F1xx_HAL_Driver/Src/stm32f1xx_hal_uart.o

.debug_aranges  0x00000000      0xca0
 .debug_aranges
                0x00000000       0x50 ./Core/Src/VL53L1X.o
 .debug_aranges
                0x00000050      0x168 ./Core/Src/VL53L1X_api.o
 .debug_aranges
                0x000001b8       0x20 ./Core/Src/gpio.o
 .debug_aranges
                0x000001d8       0x30 ./Core/Src/i2c.o
 .debug_aranges
                0x00000208       0x48 ./Core/Src/main.o
 .debug_aranges
                0x00000250       0x30 ./Core/Src/stm32f1xx_hal_msp.o
 .debug_aranges
                0x00000280       0x60 ./Core/Src/stm32f1xx_it.o
 .debug_aranges
                0x000002e0       0x20 ./Core/Src/sysmem.o
 .debug_aranges
                0x00000300       0x28 ./Core/Src/system_stm32f1xx.o
 .debug_aranges
                0x00000328       0x30 ./Core/Src/usart.o
 .debug_aranges
                0x00000358       0x70 ./Core/Src/vl53l1_platform.o
 .debug_aranges
                0x000003c8       0x28 ./Core/Startup/startup_stm32f103c8tx.o
 .debug_aranges
                0x000003f0       0xe0 ./Drivers/STM32F1xx_HAL_Driver/Src/stm32f1xx_hal.o
 .debug_aranges
                0x000004d0      0x138 ./Drivers/STM32F1xx_HAL_Driver/Src/stm32f1xx_hal_can.o
 .debug_aranges
                0x00000608      0x100 ./Drivers/STM32F1xx_HAL_Driver/Src/stm32f1xx_hal_cortex.o
 .debug_aranges
                0x00000708       0x58 ./Drivers/STM32F1xx_HAL_Driver/Src/stm32f1xx_hal_gpio.o
 .debug_aranges
                0x00000760      0x2a8 ./Drivers/STM32F1xx_HAL_Driver/Src/stm32f1xx_hal_i2c.o
 .debug_aranges
                0x00000a08       0x90 ./Drivers/STM32F1xx_HAL_Driver/Src/stm32f1xx_hal_rcc.o
 .debug_aranges
                0x00000a98      0x208 ./Drivers/STM32F1xx_HAL_Driver/Src/stm32f1xx_hal_uart.o

.debug_rnglists
                0x00000000      0x9bb
 .debug_rnglists
                0x00000000       0x39 ./Core/Src/VL53L1X.o
 .debug_rnglists
                0x00000039      0x114 ./Core/Src/VL53L1X_api.o
 .debug_rnglists
                0x0000014d       0x14 ./Core/Src/gpio.o
 .debug_rnglists
                0x00000161       0x1f ./Core/Src/i2c.o
 .debug_rnglists
                0x00000180       0x33 ./Core/Src/main.o
 .debug_rnglists
                0x000001b3       0x20 ./Core/Src/stm32f1xx_hal_msp.o
 .debug_rnglists
                0x000001d3       0x43 ./Core/Src/stm32f1xx_it.o
 .debug_rnglists
                0x00000216       0x13 ./Core/Src/sysmem.o
 .debug_rnglists
                0x00000229       0x1a ./Core/Src/system_stm32f1xx.o
 .debug_rnglists
                0x00000243       0x20 ./Core/Src/usart.o
 .debug_rnglists
                0x00000263       0x51 ./Core/Src/vl53l1_platform.o
 .debug_rnglists
                0x000002b4       0x19 ./Core/Startup/startup_stm32f103c8tx.o
 .debug_rnglists
                0x000002cd       0xa3 ./Drivers/STM32F1xx_HAL_Driver/Src/stm32f1xx_hal.o
 .debug_rnglists
                0x00000370       0xed ./Drivers/STM32F1xx_HAL_Driver/Src/stm32f1xx_hal_can.o
 .debug_rnglists
                0x0000045d       0xbb ./Drivers/STM32F1xx_HAL_Driver/Src/stm32f1xx_hal_cortex.o
 .debug_rnglists
                0x00000518       0x3f ./Drivers/STM32F1xx_HAL_Driver/Src/stm32f1xx_hal_gpio.o
 .debug_rnglists
                0x00000557      0x23c ./Drivers/STM32F1xx_HAL_Driver/Src/stm32f1xx_hal_i2c.o
 .debug_rnglists
                0x00000793       0x6c ./Drivers/STM32F1xx_HAL_Driver/Src/stm32f1xx_hal_rcc.o
 .debug_rnglists
                0x000007ff      0x1bc ./Drivers/STM32F1xx_HAL_Driver/Src/stm32f1xx_hal_uart.o

.debug_macro    0x00000000    0x18aee
 .debug_macro   0x00000000      0x338 ./Core/Src/VL53L1X.o
 .debug_macro   0x00000338      0xaa8 ./Core/Src/VL53L1X.o
 .debug_macro   0x00000de0      0x221 ./Core/Src/VL53L1X.o
 .debug_macro   0x00001001       0x2e ./Core/Src/VL53L1X.o
 .debug_macro   0x0000102f       0x22 ./Core/Src/VL53L1X.o
 .debug_macro   0x00001051       0x22 ./Core/Src/VL53L1X.o
 .debug_macro   0x00001073       0x8e ./Core/Src/VL53L1X.o
 .debug_macro   0x00001101       0x51 ./Core/Src/VL53L1X.o
 .debug_macro   0x00001152      0x103 ./Core/Src/VL53L1X.o
 .debug_macro   0x00001255       0x6a ./Core/Src/VL53L1X.o
 .debug_macro   0x000012bf      0x1df ./Core/Src/VL53L1X.o
 .debug_macro   0x0000149e       0x1c ./Core/Src/VL53L1X.o
 .debug_macro   0x000014ba       0x22 ./Core/Src/VL53L1X.o
 .debug_macro   0x000014dc       0xbd ./Core/Src/VL53L1X.o
 .debug_macro   0x00001599      0xd23 ./Core/Src/VL53L1X.o
 .debug_macro   0x000022bc     0xe09e ./Core/Src/VL53L1X.o
 .debug_macro   0x0001035a       0x6d ./Core/Src/VL53L1X.o
 .debug_macro   0x000103c7     0x34a2 ./Core/Src/VL53L1X.o
 .debug_macro   0x00013869      0x189 ./Core/Src/VL53L1X.o
 .debug_macro   0x000139f2       0x5c ./Core/Src/VL53L1X.o
 .debug_macro   0x00013a4e      0x5bc ./Core/Src/VL53L1X.o
 .debug_macro   0x0001400a      0x289 ./Core/Src/VL53L1X.o
 .debug_macro   0x00014293      0x1cb ./Core/Src/VL53L1X.o
 .debug_macro   0x0001445e      0x114 ./Core/Src/VL53L1X.o
 .debug_macro   0x00014572      0x1b2 ./Core/Src/VL53L1X.o
 .debug_macro   0x00014724       0x27 ./Core/Src/VL53L1X.o
 .debug_macro   0x0001474b      0x136 ./Core/Src/VL53L1X.o
 .debug_macro   0x00014881      0x1bc ./Core/Src/VL53L1X.o
 .debug_macro   0x00014a3d       0x34 ./Core/Src/VL53L1X.o
 .debug_macro   0x00014a71       0x3c ./Core/Src/VL53L1X.o
 .debug_macro   0x00014aad      0x408 ./Core/Src/VL53L1X.o
 .debug_macro   0x00014eb5       0x57 ./Core/Src/VL53L1X.o
 .debug_macro   0x00014f0c       0x87 ./Core/Src/VL53L1X.o
 .debug_macro   0x00014f93      0x240 ./Core/Src/VL53L1X.o
 .debug_macro   0x000151d3      0x287 ./Core/Src/VL53L1X.o
 .debug_macro   0x0001545a      0x140 ./Core/Src/VL53L1X.o
 .debug_macro   0x0001559a      0x28e ./Core/Src/VL53L1X.o
 .debug_macro   0x00015828       0x83 ./Core/Src/VL53L1X.o
 .debug_macro   0x000158ab       0x4c ./Core/Src/VL53L1X.o
 .debug_macro   0x000158f7       0x61 ./Core/Src/VL53L1X.o
 .debug_macro   0x00015958       0x24 ./Core/Src/VL53L1X.o
 .debug_macro   0x0001597c       0x43 ./Core/Src/VL53L1X.o
 .debug_macro   0x000159bf       0x34 ./Core/Src/VL53L1X.o
 .debug_macro   0x000159f3       0x16 ./Core/Src/VL53L1X.o
 .debug_macro   0x00015a09       0x43 ./Core/Src/VL53L1X.o
 .debug_macro   0x00015a4c       0x34 ./Core/Src/VL53L1X.o
 .debug_macro   0x00015a80       0x10 ./Core/Src/VL53L1X.o
 .debug_macro   0x00015a90       0x58 ./Core/Src/VL53L1X.o
 .debug_macro   0x00015ae8       0x8e ./Core/Src/VL53L1X.o
 .debug_macro   0x00015b76       0x1c ./Core/Src/VL53L1X.o
 .debug_macro   0x00015b92      0x177 ./Core/Src/VL53L1X.o
 .debug_macro   0x00015d09      0x369 ./Core/Src/VL53L1X.o
 .debug_macro   0x00016072       0x10 ./Core/Src/VL53L1X.o
 .debug_macro   0x00016082       0x35 ./Core/Src/VL53L1X.o
 .debug_macro   0x000160b7       0x20 ./Core/Src/VL53L1X.o
 .debug_macro   0x000160d7       0x1c ./Core/Src/VL53L1X.o
 .debug_macro   0x000160f3       0x10 ./Core/Src/VL53L1X.o
 .debug_macro   0x00016103       0x1c ./Core/Src/VL53L1X.o
 .debug_macro   0x0001611f       0x16 ./Core/Src/VL53L1X.o
 .debug_macro   0x00016135      0x146 ./Core/Src/VL53L1X.o
 .debug_macro   0x0001627b       0x16 ./Core/Src/VL53L1X.o
 .debug_macro   0x00016291       0x16 ./Core/Src/VL53L1X.o
 .debug_macro   0x000162a7       0x29 ./Core/Src/VL53L1X.o
 .debug_macro   0x000162d0      0x112 ./Core/Src/VL53L1X.o
 .debug_macro   0x000163e2      0x1c5 ./Core/Src/VL53L1X_api.o
 .debug_macro   0x000165a7      0x1bb ./Core/Src/gpio.o
 .debug_macro   0x00016762      0x1bb ./Core/Src/i2c.o
 .debug_macro   0x0001691d      0x348 ./Core/Src/main.o
 .debug_macro   0x00016c65       0x16 ./Core/Src/main.o
 .debug_macro   0x00016c7b       0x16 ./Core/Src/main.o
 .debug_macro   0x00016c91       0x16 ./Core/Src/main.o
 .debug_macro   0x00016ca7      0x1b1 ./Core/Src/stm32f1xx_hal_msp.o
 .debug_macro   0x00016e58      0x1bb ./Core/Src/stm32f1xx_it.o
 .debug_macro   0x00017013       0xff ./Core/Src/sysmem.o
 .debug_macro   0x00017112      0x23c ./Core/Src/sysmem.o
 .debug_macro   0x0001734e      0x1a2 ./Core/Src/system_stm32f1xx.o
 .debug_macro   0x000174f0      0x1bb ./Core/Src/usart.o
 .debug_macro   0x000176ab      0x3e8 ./Core/Src/vl53l1_platform.o
 .debug_macro   0x00017a93      0x126 ./Core/Src/vl53l1_platform.o
 .debug_macro   0x00017bb9       0x16 ./Core/Src/vl53l1_platform.o
 .debug_macro   0x00017bcf       0xc1 ./Core/Src/vl53l1_platform.o
 .debug_macro   0x00017c90      0x19b ./Core/Src/vl53l1_platform.o
 .debug_macro   0x00017e2b       0x56 ./Core/Src/vl53l1_platform.o
 .debug_macro   0x00017e81      0x1c6 ./Drivers/STM32F1xx_HAL_Driver/Src/stm32f1xx_hal.o
 .debug_macro   0x00018047      0x1b1 ./Drivers/STM32F1xx_HAL_Driver/Src/stm32f1xx_hal_can.o
 .debug_macro   0x000181f8      0x1a2 ./Drivers/STM32F1xx_HAL_Driver/Src/stm32f1xx_hal_cortex.o
 .debug_macro   0x0001839a      0x20d ./Drivers/STM32F1xx_HAL_Driver/Src/stm32f1xx_hal_gpio.o
 .debug_macro   0x000185a7      0x1f0 ./Drivers/STM32F1xx_HAL_Driver/Src/stm32f1xx_hal_i2c.o
 .debug_macro   0x00018797      0x1b4 ./Drivers/STM32F1xx_HAL_Driver/Src/stm32f1xx_hal_rcc.o
 .debug_macro   0x0001894b      0x1a3 ./Drivers/STM32F1xx_HAL_Driver/Src/stm32f1xx_hal_uart.o

.debug_line     0x00000000    0x1063e
 .debug_line    0x00000000      0xad3 ./Core/Src/VL53L1X.o
 .debug_line    0x00000ad3      0xe8f ./Core/Src/VL53L1X_api.o
 .debug_line    0x00001962      0x71f ./Core/Src/gpio.o
 .debug_line    0x00002081      0x767 ./Core/Src/i2c.o
 .debug_line    0x000027e8      0xaa6 ./Core/Src/main.o
 .debug_line    0x0000328e      0x755 ./Core/Src/stm32f1xx_hal_msp.o
 .debug_line    0x000039e3      0x7c4 ./Core/Src/stm32f1xx_it.o
 .debug_line    0x000041a7      0x583 ./Core/Src/sysmem.o
 .debug_line    0x0000472a      0x780 ./Core/Src/system_stm32f1xx.o
 .debug_line    0x00004eaa      0x771 ./Core/Src/usart.o
 .debug_line    0x0000561b      0xc04 ./Core/Src/vl53l1_platform.o
 .debug_line    0x0000621f       0x78 ./Core/Startup/startup_stm32f103c8tx.o
 .debug_line    0x00006297      0x9ad ./Drivers/STM32F1xx_HAL_Driver/Src/stm32f1xx_hal.o
 .debug_line    0x00006c44     0x118f ./Drivers/STM32F1xx_HAL_Driver/Src/stm32f1xx_hal_can.o
 .debug_line    0x00007dd3      0xb99 ./Drivers/STM32F1xx_HAL_Driver/Src/stm32f1xx_hal_cortex.o
 .debug_line    0x0000896c      0xa46 ./Drivers/STM32F1xx_HAL_Driver/Src/stm32f1xx_hal_gpio.o
 .debug_line    0x000093b2     0x3c4a ./Drivers/STM32F1xx_HAL_Driver/Src/stm32f1xx_hal_i2c.o
 .debug_line    0x0000cffc      0xdb6 ./Drivers/STM32F1xx_HAL_Driver/Src/stm32f1xx_hal_rcc.o
 .debug_line    0x0000ddb2     0x288c ./Drivers/STM32F1xx_HAL_Driver/Src/stm32f1xx_hal_uart.o

.debug_str      0x00000000    0x89d81
 .debug_str     0x00000000    0x8472c ./Core/Src/VL53L1X.o
                              0x84b28 (size before relaxing)
 .debug_str     0x0008472c      0x5e4 ./Core/Src/VL53L1X_api.o
                               0x868d (size before relaxing)
 .debug_str     0x00084d10       0x9a ./Core/Src/gpio.o
                              0x80596 (size before relaxing)
 .debug_str     0x00084daa       0xb4 ./Core/Src/i2c.o
                              0x80a50 (size before relaxing)
 .debug_str     0x00084e5e      0x6d6 ./Core/Src/main.o
                              0x85079 (size before relaxing)
 .debug_str     0x00085534       0x72 ./Core/Src/stm32f1xx_hal_msp.o
                              0x80836 (size before relaxing)
 .debug_str     0x000855a6       0xc9 ./Core/Src/stm32f1xx_it.o
                              0x80533 (size before relaxing)
 .debug_str     0x0008566f      0x4dc ./Core/Src/sysmem.o
                               0x6067 (size before relaxing)
 .debug_str     0x00085b4b       0x7e ./Core/Src/system_stm32f1xx.o
                              0x80438 (size before relaxing)
 .debug_str     0x00085bc9       0x51 ./Core/Src/usart.o
                              0x809de (size before relaxing)
 .debug_str     0x00085c1a     0x1cb1 ./Core/Src/vl53l1_platform.o
                              0x85f87 (size before relaxing)
 .debug_str     0x000878cb       0x44 ./Core/Startup/startup_stm32f103c8tx.o
                                 0x72 (size before relaxing)
 .debug_str     0x0008790f      0x607 ./Drivers/STM32F1xx_HAL_Driver/Src/stm32f1xx_hal.o
                              0x80b6b (size before relaxing)
 .debug_str     0x00087f16      0x52e ./Drivers/STM32F1xx_HAL_Driver/Src/stm32f1xx_hal_can.o
                              0x80c40 (size before relaxing)
 .debug_str     0x00088444      0x289 ./Drivers/STM32F1xx_HAL_Driver/Src/stm32f1xx_hal_cortex.o
                              0x80ab7 (size before relaxing)
 .debug_str     0x000886cd      0x2e6 ./Drivers/STM32F1xx_HAL_Driver/Src/stm32f1xx_hal_gpio.o
                              0x807be (size before relaxing)
 .debug_str     0x000889b3      0xbab ./Drivers/STM32F1xx_HAL_Driver/Src/stm32f1xx_hal_i2c.o
                              0x814ff (size before relaxing)
 .debug_str     0x0008955e      0x209 ./Drivers/STM32F1xx_HAL_Driver/Src/stm32f1xx_hal_rcc.o
                              0x80867 (size before relaxing)
 .debug_str     0x00089767      0x61a ./Drivers/STM32F1xx_HAL_Driver/Src/stm32f1xx_hal_uart.o
                              0x80ed8 (size before relaxing)

.comment        0x00000000       0x86
 .comment       0x00000000       0x43 ./Core/Src/VL53L1X.o
                                 0x44 (size before relaxing)
 .comment       0x00000043       0x44 ./Core/Src/VL53L1X_api.o
 .comment       0x00000043       0x44 ./Core/Src/gpio.o
 .comment       0x00000043       0x44 ./Core/Src/i2c.o
 .comment       0x00000043       0x43 ./Core/Src/main.o
                                 0x44 (size before relaxing)
 .comment       0x00000086       0x44 ./Core/Src/stm32f1xx_hal_msp.o
 .comment       0x00000086       0x44 ./Core/Src/stm32f1xx_it.o
 .comment       0x00000086       0x44 ./Core/Src/sysmem.o
 .comment       0x00000086       0x44 ./Core/Src/system_stm32f1xx.o
 .comment       0x00000086       0x44 ./Core/Src/usart.o
 .comment       0x00000086       0x44 ./Core/Src/vl53l1_platform.o
 .comment       0x00000086       0x44 ./Drivers/STM32F1xx_HAL_Driver/Src/stm32f1xx_hal.o
 .comment       0x00000086       0x44 ./Drivers/STM32F1xx_HAL_Driver/Src/stm32f1xx_hal_can.o
 .comment       0x00000086       0x44 ./Drivers/STM32F1xx_HAL_Driver/Src/stm32f1xx_hal_cortex.o
 .comment       0x00000086       0x44 ./Drivers/STM32F1xx_HAL_Driver/Src/stm32f1xx_hal_gpio.o
 .comment       0x00000086       0x44 ./Drivers/STM32F1xx_HAL_Driver/Src/stm32f1xx_hal_i2c.o
 .comment       0x00000086       0x44 ./Drivers/STM32F1xx_HAL_Driver/Src/stm32f1xx_hal_rcc.o
 .comment       0x00000086       0x44 ./Drivers/STM32F1xx_HAL_Driver/Src/stm32f1xx_hal_uart.o

.debug_frame    0x00000000     0x389c
 .debug_frame   0x00000000      0x110 ./Core/Src/VL53L1X.o
 .debug_frame   0x00000110      0x610 ./Core/Src/VL53L1X_api.o
 .debug_frame   0x00000720       0x34 ./Core/Src/gpio.o
 .debug_frame   0x00000754       0x74 ./Core/Src/i2c.o
 .debug_frame   0x000007c8       0xdc ./Core/Src/main.o
 .debug_frame   0x000008a4       0x80 ./Core/Src/stm32f1xx_hal_msp.o
 .debug_frame   0x00000924      0x104 ./Core/Src/stm32f1xx_it.o
 .debug_frame   0x00000a28       0x34 ./Core/Src/sysmem.o
 .debug_frame   0x00000a5c       0x58 ./Core/Src/system_stm32f1xx.o
 .debug_frame   0x00000ab4       0x74 ./Core/Src/usart.o
 .debug_frame   0x00000b28      0x1a0 ./Core/Src/vl53l1_platform.o
 .debug_frame   0x00000cc8      0x334 ./Drivers/STM32F1xx_HAL_Driver/Src/stm32f1xx_hal.o
 .debug_frame   0x00000ffc      0x5a0 ./Drivers/STM32F1xx_HAL_Driver/Src/stm32f1xx_hal_can.o
 .debug_frame   0x0000159c      0x428 ./Drivers/STM32F1xx_HAL_Driver/Src/stm32f1xx_hal_cortex.o
 .debug_frame   0x000019c4      0x14c ./Drivers/STM32F1xx_HAL_Driver/Src/stm32f1xx_hal_gpio.o
 .debug_frame   0x00001b10      0xc84 ./Drivers/STM32F1xx_HAL_Driver/Src/stm32f1xx_hal_i2c.o
 .debug_frame   0x00002794      0x218 ./Drivers/STM32F1xx_HAL_Driver/Src/stm32f1xx_hal_rcc.o
 .debug_frame   0x000029ac      0x944 ./Drivers/STM32F1xx_HAL_Driver/Src/stm32f1xx_hal_uart.o
 .debug_frame   0x000032f0      0x144 C:/ST/STM32CubeIDE_1.16.1/STM32CubeIDE/plugins/com.st.stm32cube.ide.mcu.externaltools.gnu-tools-for-stm32.12.3.rel1.win32_1.1.0.202410251130/tools/bin/../lib/gcc/arm-none-eabi/12.3.1/../../../../arm-none-eabi/lib/thumb/v7-m/nofp\libc_nano.a(libc_a-findfp.o)
 .debug_frame   0x00003434       0x6c C:/ST/STM32CubeIDE_1.16.1/STM32CubeIDE/plugins/com.st.stm32cube.ide.mcu.externaltools.gnu-tools-for-stm32.12.3.rel1.win32_1.1.0.202410251130/tools/bin/../lib/gcc/arm-none-eabi/12.3.1/../../../../arm-none-eabi/lib/thumb/v7-m/nofp\libc_nano.a(libc_a-sprintf.o)
 .debug_frame   0x000034a0       0x20 C:/ST/STM32CubeIDE_1.16.1/STM32CubeIDE/plugins/com.st.stm32cube.ide.mcu.externaltools.gnu-tools-for-stm32.12.3.rel1.win32_1.1.0.202410251130/tools/bin/../lib/gcc/arm-none-eabi/12.3.1/../../../../arm-none-eabi/lib/thumb/v7-m/nofp\libc_nano.a(libc_a-memset.o)
 .debug_frame   0x000034c0       0x38 C:/ST/STM32CubeIDE_1.16.1/STM32CubeIDE/plugins/com.st.stm32cube.ide.mcu.externaltools.gnu-tools-for-stm32.12.3.rel1.win32_1.1.0.202410251130/tools/bin/../lib/gcc/arm-none-eabi/12.3.1/../../../../arm-none-eabi/lib/thumb/v7-m/nofp\libc_nano.a(libc_a-reent.o)
 .debug_frame   0x000034f8       0x20 C:/ST/STM32CubeIDE_1.16.1/STM32CubeIDE/plugins/com.st.stm32cube.ide.mcu.externaltools.gnu-tools-for-stm32.12.3.rel1.win32_1.1.0.202410251130/tools/bin/../lib/gcc/arm-none-eabi/12.3.1/../../../../arm-none-eabi/lib/thumb/v7-m/nofp\libc_nano.a(libc_a-errno.o)
 .debug_frame   0x00003518       0x2c C:/ST/STM32CubeIDE_1.16.1/STM32CubeIDE/plugins/com.st.stm32cube.ide.mcu.externaltools.gnu-tools-for-stm32.12.3.rel1.win32_1.1.0.202410251130/tools/bin/../lib/gcc/arm-none-eabi/12.3.1/../../../../arm-none-eabi/lib/thumb/v7-m/nofp\libc_nano.a(libc_a-init.o)
 .debug_frame   0x00003544       0xb0 C:/ST/STM32CubeIDE_1.16.1/STM32CubeIDE/plugins/com.st.stm32cube.ide.mcu.externaltools.gnu-tools-for-stm32.12.3.rel1.win32_1.1.0.202410251130/tools/bin/../lib/gcc/arm-none-eabi/12.3.1/../../../../arm-none-eabi/lib/thumb/v7-m/nofp\libc_nano.a(libc_a-lock.o)
 .debug_frame   0x000035f4       0x28 C:/ST/STM32CubeIDE_1.16.1/STM32CubeIDE/plugins/com.st.stm32cube.ide.mcu.externaltools.gnu-tools-for-stm32.12.3.rel1.win32_1.1.0.202410251130/tools/bin/../lib/gcc/arm-none-eabi/12.3.1/../../../../arm-none-eabi/lib/thumb/v7-m/nofp\libc_nano.a(libc_a-memcpy-stub.o)
 .debug_frame   0x0000361c       0x38 C:/ST/STM32CubeIDE_1.16.1/STM32CubeIDE/plugins/com.st.stm32cube.ide.mcu.externaltools.gnu-tools-for-stm32.12.3.rel1.win32_1.1.0.202410251130/tools/bin/../lib/gcc/arm-none-eabi/12.3.1/../../../../arm-none-eabi/lib/thumb/v7-m/nofp\libc_nano.a(libc_a-freer.o)
 .debug_frame   0x00003654       0x50 C:/ST/STM32CubeIDE_1.16.1/STM32CubeIDE/plugins/com.st.stm32cube.ide.mcu.externaltools.gnu-tools-for-stm32.12.3.rel1.win32_1.1.0.202410251130/tools/bin/../lib/gcc/arm-none-eabi/12.3.1/../../../../arm-none-eabi/lib/thumb/v7-m/nofp\libc_nano.a(libc_a-mallocr.o)
 .debug_frame   0x000036a4       0x30 C:/ST/STM32CubeIDE_1.16.1/STM32CubeIDE/plugins/com.st.stm32cube.ide.mcu.externaltools.gnu-tools-for-stm32.12.3.rel1.win32_1.1.0.202410251130/tools/bin/../lib/gcc/arm-none-eabi/12.3.1/../../../../arm-none-eabi/lib/thumb/v7-m/nofp\libc_nano.a(libc_a-mlock.o)
 .debug_frame   0x000036d4       0x90 C:/ST/STM32CubeIDE_1.16.1/STM32CubeIDE/plugins/com.st.stm32cube.ide.mcu.externaltools.gnu-tools-for-stm32.12.3.rel1.win32_1.1.0.202410251130/tools/bin/../lib/gcc/arm-none-eabi/12.3.1/../../../../arm-none-eabi/lib/thumb/v7-m/nofp\libc_nano.a(libc_a-nano-svfprintf.o)
 .debug_frame   0x00003764       0x60 C:/ST/STM32CubeIDE_1.16.1/STM32CubeIDE/plugins/com.st.stm32cube.ide.mcu.externaltools.gnu-tools-for-stm32.12.3.rel1.win32_1.1.0.202410251130/tools/bin/../lib/gcc/arm-none-eabi/12.3.1/../../../../arm-none-eabi/lib/thumb/v7-m/nofp\libc_nano.a(libc_a-nano-vfprintf_i.o)
 .debug_frame   0x000037c4       0x28 C:/ST/STM32CubeIDE_1.16.1/STM32CubeIDE/plugins/com.st.stm32cube.ide.mcu.externaltools.gnu-tools-for-stm32.12.3.rel1.win32_1.1.0.202410251130/tools/bin/../lib/gcc/arm-none-eabi/12.3.1/../../../../arm-none-eabi/lib/thumb/v7-m/nofp\libc_nano.a(libc_a-memmove.o)
 .debug_frame   0x000037ec       0x2c C:/ST/STM32CubeIDE_1.16.1/STM32CubeIDE/plugins/com.st.stm32cube.ide.mcu.externaltools.gnu-tools-for-stm32.12.3.rel1.win32_1.1.0.202410251130/tools/bin/../lib/gcc/arm-none-eabi/12.3.1/../../../../arm-none-eabi/lib/thumb/v7-m/nofp\libc_nano.a(libc_a-sbrkr.o)
 .debug_frame   0x00003818       0x28 C:/ST/STM32CubeIDE_1.16.1/STM32CubeIDE/plugins/com.st.stm32cube.ide.mcu.externaltools.gnu-tools-for-stm32.12.3.rel1.win32_1.1.0.202410251130/tools/bin/../lib/gcc/arm-none-eabi/12.3.1/../../../../arm-none-eabi/lib/thumb/v7-m/nofp\libc_nano.a(libc_a-memchr-stub.o)
 .debug_frame   0x00003840       0x3c C:/ST/STM32CubeIDE_1.16.1/STM32CubeIDE/plugins/com.st.stm32cube.ide.mcu.externaltools.gnu-tools-for-stm32.12.3.rel1.win32_1.1.0.202410251130/tools/bin/../lib/gcc/arm-none-eabi/12.3.1/../../../../arm-none-eabi/lib/thumb/v7-m/nofp\libc_nano.a(libc_a-reallocr.o)
 .debug_frame   0x0000387c       0x20 C:/ST/STM32CubeIDE_1.16.1/STM32CubeIDE/plugins/com.st.stm32cube.ide.mcu.externaltools.gnu-tools-for-stm32.12.3.rel1.win32_1.1.0.202410251130/tools/bin/../lib/gcc/arm-none-eabi/12.3.1/../../../../arm-none-eabi/lib/thumb/v7-m/nofp\libc_nano.a(libc_a-msizer.o)

.debug_line_str
                0x00000000       0x56
 .debug_line_str
                0x00000000       0x56 ./Core/Startup/startup_stm32f103c8tx.o
